Archive member included to satisfy reference by file (symbol)

c:/st/stm32cubeide_1.2.0/stm32cubeide/plugins/com.st.stm32cube.ide.mcu.externaltools.gnu-tools-for-stm32.7-2018-q2-update.win32_1.0.0.201904181610/tools/bin/../lib/gcc/arm-none-eabi/7.3.1/../../../../arm-none-eabi/lib/thumb/v7e-m/fpv4-sp/hard\libc_nano.a(lib_a-errno.o)
                              Core/Src/syscalls.o (__errno)
c:/st/stm32cubeide_1.2.0/stm32cubeide/plugins/com.st.stm32cube.ide.mcu.externaltools.gnu-tools-for-stm32.7-2018-q2-update.win32_1.0.0.201904181610/tools/bin/../lib/gcc/arm-none-eabi/7.3.1/../../../../arm-none-eabi/lib/thumb/v7e-m/fpv4-sp/hard\libc_nano.a(lib_a-exit.o)
                              c:/st/stm32cubeide_1.2.0/stm32cubeide/plugins/com.st.stm32cube.ide.mcu.externaltools.gnu-tools-for-stm32.7-2018-q2-update.win32_1.0.0.201904181610/tools/bin/../lib/gcc/arm-none-eabi/7.3.1/../../../../arm-none-eabi/lib/thumb/v7e-m/fpv4-sp/hard/crt0.o (exit)
c:/st/stm32cubeide_1.2.0/stm32cubeide/plugins/com.st.stm32cube.ide.mcu.externaltools.gnu-tools-for-stm32.7-2018-q2-update.win32_1.0.0.201904181610/tools/bin/../lib/gcc/arm-none-eabi/7.3.1/../../../../arm-none-eabi/lib/thumb/v7e-m/fpv4-sp/hard\libc_nano.a(lib_a-impure.o)
                              c:/st/stm32cubeide_1.2.0/stm32cubeide/plugins/com.st.stm32cube.ide.mcu.externaltools.gnu-tools-for-stm32.7-2018-q2-update.win32_1.0.0.201904181610/tools/bin/../lib/gcc/arm-none-eabi/7.3.1/../../../../arm-none-eabi/lib/thumb/v7e-m/fpv4-sp/hard\libc_nano.a(lib_a-exit.o) (_global_impure_ptr)
c:/st/stm32cubeide_1.2.0/stm32cubeide/plugins/com.st.stm32cube.ide.mcu.externaltools.gnu-tools-for-stm32.7-2018-q2-update.win32_1.0.0.201904181610/tools/bin/../lib/gcc/arm-none-eabi/7.3.1/../../../../arm-none-eabi/lib/thumb/v7e-m/fpv4-sp/hard\libc_nano.a(lib_a-init.o)
                              c:/st/stm32cubeide_1.2.0/stm32cubeide/plugins/com.st.stm32cube.ide.mcu.externaltools.gnu-tools-for-stm32.7-2018-q2-update.win32_1.0.0.201904181610/tools/bin/../lib/gcc/arm-none-eabi/7.3.1/../../../../arm-none-eabi/lib/thumb/v7e-m/fpv4-sp/hard/crt0.o (__libc_init_array)
c:/st/stm32cubeide_1.2.0/stm32cubeide/plugins/com.st.stm32cube.ide.mcu.externaltools.gnu-tools-for-stm32.7-2018-q2-update.win32_1.0.0.201904181610/tools/bin/../lib/gcc/arm-none-eabi/7.3.1/../../../../arm-none-eabi/lib/thumb/v7e-m/fpv4-sp/hard\libc_nano.a(lib_a-malloc.o)
                              Middlewares/ST/STM32_USB_Host_Library/Class/CDC/Src/usbh_cdc.o (malloc)
c:/st/stm32cubeide_1.2.0/stm32cubeide/plugins/com.st.stm32cube.ide.mcu.externaltools.gnu-tools-for-stm32.7-2018-q2-update.win32_1.0.0.201904181610/tools/bin/../lib/gcc/arm-none-eabi/7.3.1/../../../../arm-none-eabi/lib/thumb/v7e-m/fpv4-sp/hard\libc_nano.a(lib_a-memcpy-stub.o)
                              Core/ssd1306/ssd1306.o (memcpy)
c:/st/stm32cubeide_1.2.0/stm32cubeide/plugins/com.st.stm32cube.ide.mcu.externaltools.gnu-tools-for-stm32.7-2018-q2-update.win32_1.0.0.201904181610/tools/bin/../lib/gcc/arm-none-eabi/7.3.1/../../../../arm-none-eabi/lib/thumb/v7e-m/fpv4-sp/hard\libc_nano.a(lib_a-memmove.o)
                              Core/ssd1306/ssd1306_tests.o (memmove)
c:/st/stm32cubeide_1.2.0/stm32cubeide/plugins/com.st.stm32cube.ide.mcu.externaltools.gnu-tools-for-stm32.7-2018-q2-update.win32_1.0.0.201904181610/tools/bin/../lib/gcc/arm-none-eabi/7.3.1/../../../../arm-none-eabi/lib/thumb/v7e-m/fpv4-sp/hard\libc_nano.a(lib_a-memset.o)
                              c:/st/stm32cubeide_1.2.0/stm32cubeide/plugins/com.st.stm32cube.ide.mcu.externaltools.gnu-tools-for-stm32.7-2018-q2-update.win32_1.0.0.201904181610/tools/bin/../lib/gcc/arm-none-eabi/7.3.1/../../../../arm-none-eabi/lib/thumb/v7e-m/fpv4-sp/hard/crt0.o (memset)
c:/st/stm32cubeide_1.2.0/stm32cubeide/plugins/com.st.stm32cube.ide.mcu.externaltools.gnu-tools-for-stm32.7-2018-q2-update.win32_1.0.0.201904181610/tools/bin/../lib/gcc/arm-none-eabi/7.3.1/../../../../arm-none-eabi/lib/thumb/v7e-m/fpv4-sp/hard\libc_nano.a(lib_a-nano-freer.o)
                              c:/st/stm32cubeide_1.2.0/stm32cubeide/plugins/com.st.stm32cube.ide.mcu.externaltools.gnu-tools-for-stm32.7-2018-q2-update.win32_1.0.0.201904181610/tools/bin/../lib/gcc/arm-none-eabi/7.3.1/../../../../arm-none-eabi/lib/thumb/v7e-m/fpv4-sp/hard\libc_nano.a(lib_a-malloc.o) (_free_r)
c:/st/stm32cubeide_1.2.0/stm32cubeide/plugins/com.st.stm32cube.ide.mcu.externaltools.gnu-tools-for-stm32.7-2018-q2-update.win32_1.0.0.201904181610/tools/bin/../lib/gcc/arm-none-eabi/7.3.1/../../../../arm-none-eabi/lib/thumb/v7e-m/fpv4-sp/hard\libc_nano.a(lib_a-nano-mallocr.o)
                              c:/st/stm32cubeide_1.2.0/stm32cubeide/plugins/com.st.stm32cube.ide.mcu.externaltools.gnu-tools-for-stm32.7-2018-q2-update.win32_1.0.0.201904181610/tools/bin/../lib/gcc/arm-none-eabi/7.3.1/../../../../arm-none-eabi/lib/thumb/v7e-m/fpv4-sp/hard\libc_nano.a(lib_a-malloc.o) (_malloc_r)
[...]
Memory Configuration

Name             Origin             Length             Attributes
CCMRAM           0x0000000010000000 0x0000000000010000 xrw
RAM              0x0000000020000000 0x0000000000020000 xrw
FLASH            0x0000000008000000 0x0000000000100000 xr
*default*        0x0000000000000000 0xffffffffffffffff

Linker script and memory map

LOAD c:/st/stm32cubeide_1.2.0/stm32cubeide/plugins/com.st.stm32cube.ide.mcu.externaltools.gnu-tools-for-stm32.7-2018-q2-update.win32_1.0.0.201904181610/tools/bin/../lib/gcc/arm-none-eabi/7.3.1/thumb/v7e-m/fpv4-sp/hard/crti.o
LOAD c:/st/stm32cubeide_1.2.0/stm32cubeide/plugins/com.st.stm32cube.ide.mcu.externaltools.gnu-tools-for-stm32.7-2018-q2-update.win32_1.0.0.201904181610/tools/bin/../lib/gcc/arm-none-eabi/7.3.1/thumb/v7e-m/fpv4-sp/hard/crtbegin.o
LOAD c:/st/stm32cubeide_1.2.0/stm32cubeide/plugins/com.st.stm32cube.ide.mcu.externaltools.gnu-tools-for-stm32.7-2018-q2-update.win32_1.0.0.201904181610/tools/bin/../lib/gcc/arm-none-eabi/7.3.1/../../../../arm-none-eabi/lib/thumb/v7e-m/fpv4-sp/hard/crt0.o
LOAD Core/Src/font.o
LOAD Core/Src/gpio.o
LOAD Core/Src/i2c.o
LOAD Core/Src/i2s.o
LOAD Core/Src/main.o
LOAD Core/Src/my_graphic_lib.o
LOAD Core/Src/spi.o
LOAD Core/Src/stm32f4xx_hal_msp.o
LOAD Core/Src/stm32f4xx_it.o
LOAD Core/Src/syscalls.o
LOAD Core/Src/sysmem.o
LOAD Core/Src/system_stm32f4xx.o
LOAD Core/Startup/startup_stm32f407vgtx.o
LOAD Core/ssd1306/ssd1306.o
LOAD Core/ssd1306/ssd1306_fonts.o
LOAD Core/ssd1306/ssd1306_tests.o
LOAD Drivers/STM32F4xx_HAL_Driver/Src/stm32f4xx_hal.o
LOAD Drivers/STM32F4xx_HAL_Driver/Src/stm32f4xx_hal_cortex.o
LOAD Drivers/STM32F4xx_HAL_Driver/Src/stm32f4xx_hal_dma.o
LOAD Drivers/STM32F4xx_HAL_Driver/Src/stm32f4xx_hal_dma_ex.o
LOAD Drivers/STM32F4xx_HAL_Driver/Src/stm32f4xx_hal_exti.o
LOAD Drivers/STM32F4xx_HAL_Driver/Src/stm32f4xx_hal_flash.o
LOAD Drivers/STM32F4xx_HAL_Driver/Src/stm32f4xx_hal_flash_ex.o
LOAD Drivers/STM32F4xx_HAL_Driver/Src/stm32f4xx_hal_flash_ramfunc.o
LOAD Drivers/STM32F4xx_HAL_Driver/Src/stm32f4xx_hal_gpio.o
LOAD Drivers/STM32F4xx_HAL_Driver/Src/stm32f4xx_hal_hcd.o
LOAD Drivers/STM32F4xx_HAL_Driver/Src/stm32f4xx_hal_i2c.o
LOAD Drivers/STM32F4xx_HAL_Driver/Src/stm32f4xx_hal_i2c_ex.o
LOAD Drivers/STM32F4xx_HAL_Driver/Src/stm32f4xx_hal_i2s.o
LOAD Drivers/STM32F4xx_HAL_Driver/Src/stm32f4xx_hal_i2s_ex.o
LOAD Drivers/STM32F4xx_HAL_Driver/Src/stm32f4xx_hal_pwr.o
LOAD Drivers/STM32F4xx_HAL_Driver/Src/stm32f4xx_hal_pwr_ex.o
LOAD Drivers/STM32F4xx_HAL_Driver/Src/stm32f4xx_hal_rcc.o
LOAD Drivers/STM32F4xx_HAL_Driver/Src/stm32f4xx_hal_rcc_ex.o
LOAD Drivers/STM32F4xx_HAL_Driver/Src/stm32f4xx_hal_spi.o
LOAD Drivers/STM32F4xx_HAL_Driver/Src/stm32f4xx_hal_tim.o
LOAD Drivers/STM32F4xx_HAL_Driver/Src/stm32f4xx_hal_tim_ex.o
LOAD Drivers/STM32F4xx_HAL_Driver/Src/stm32f4xx_ll_usb.o
LOAD Middlewares/ST/STM32_USB_Host_Library/Class/CDC/Src/usbh_cdc.o
LOAD Middlewares/ST/STM32_USB_Host_Library/Core/Src/usbh_core.o
LOAD Middlewares/ST/STM32_USB_Host_Library/Core/Src/usbh_ctlreq.o
LOAD Middlewares/ST/STM32_USB_Host_Library/Core/Src/usbh_ioreq.o
LOAD Middlewares/ST/STM32_USB_Host_Library/Core/Src/usbh_pipes.o
LOAD USB_HOST/App/usb_host.o
LOAD USB_HOST/Target/usbh_conf.o
LOAD USB_HOST/Target/usbh_platform.o
START GROUP
LOAD c:/st/stm32cubeide_1.2.0/stm32cubeide/plugins/com.st.stm32cube.ide.mcu.externaltools.gnu-tools-for-stm32.7-2018-q2-update.win32_1.0.0.201904181610/tools/bin/../lib/gcc/arm-none-eabi/7.3.1/../../../../arm-none-eabi/lib/thumb/v7e-m/fpv4-sp/hard\libc_nano.a
LOAD c:/st/stm32cubeide_1.2.0/stm32cubeide/plugins/com.st.stm32cube.ide.mcu.externaltools.gnu-tools-for-stm32.7-2018-q2-update.win32_1.0.0.201904181610/tools/bin/../lib/gcc/arm-none-eabi/7.3.1/../../../../arm-none-eabi/lib/thumb/v7e-m/fpv4-sp/hard\libm.a
END GROUP
START GROUP
LOAD c:/st/stm32cubeide_1.2.0/stm32cubeide/plugins/com.st.stm32cube.ide.mcu.externaltools.gnu-tools-for-stm32.7-2018-q2-update.win32_1.0.0.201904181610/tools/bin/../lib/gcc/arm-none-eabi/7.3.1/thumb/v7e-m/fpv4-sp/hard\libgcc.a
LOAD c:/st/stm32cubeide_1.2.0/stm32cubeide/plugins/com.st.stm32cube.ide.mcu.externaltools.gnu-tools-for-stm32.7-2018-q2-update.win32_1.0.0.201904181610/tools/bin/../lib/gcc/arm-none-eabi/7.3.1/../../../../arm-none-eabi/lib/thumb/v7e-m/fpv4-sp/hard\libc_nano.a
END GROUP
START GROUP
LOAD c:/st/stm32cubeide_1.2.0/stm32cubeide/plugins/com.st.stm32cube.ide.mcu.externaltools.gnu-tools-for-stm32.7-2018-q2-update.win32_1.0.0.201904181610/tools/bin/../lib/gcc/arm-none-eabi/7.3.1/thumb/v7e-m/fpv4-sp/hard\libgcc.a
LOAD c:/st/stm32cubeide_1.2.0/stm32cubeide/plugins/com.st.stm32cube.ide.mcu.externaltools.gnu-tools-for-stm32.7-2018-q2-update.win32_1.0.0.201904181610/tools/bin/../lib/gcc/arm-none-eabi/7.3.1/../../../../arm-none-eabi/lib/thumb/v7e-m/fpv4-sp/hard\libc_nano.a
LOAD c:/st/stm32cubeide_1.2.0/stm32cubeide/plugins/com.st.stm32cube.ide.mcu.externaltools.gnu-tools-for-stm32.7-2018-q2-update.win32_1.0.0.201904181610/tools/bin/../lib/gcc/arm-none-eabi/7.3.1/../../../../arm-none-eabi/lib/thumb/v7e-m/fpv4-sp/hard\libnosys.a
END GROUP
START GROUP
LOAD c:/st/stm32cubeide_1.2.0/stm32cubeide/plugins/com.st.stm32cube.ide.mcu.externaltools.gnu-tools-for-stm32.7-2018-q2-update.win32_1.0.0.201904181610/tools/bin/../lib/gcc/arm-none-eabi/7.3.1/thumb/v7e-m/fpv4-sp/hard\libgcc.a
LOAD c:/st/stm32cubeide_1.2.0/stm32cubeide/plugins/com.st.stm32cube.ide.mcu.externaltools.gnu-tools-for-stm32.7-2018-q2-update.win32_1.0.0.201904181610/tools/bin/../lib/gcc/arm-none-eabi/7.3.1/../../../../arm-none-eabi/lib/thumb/v7e-m/fpv4-sp/hard\libc_nano.a
LOAD c:/st/stm32cubeide_1.2.0/stm32cubeide/plugins/com.st.stm32cube.ide.mcu.externaltools.gnu-tools-for-stm32.7-2018-q2-update.win32_1.0.0.201904181610/tools/bin/../lib/gcc/arm-none-eabi/7.3.1/../../../../arm-none-eabi/lib/thumb/v7e-m/fpv4-sp/hard\libnosys.a
END GROUP
LOAD c:/st/stm32cubeide_1.2.0/stm32cubeide/plugins/com.st.stm32cube.ide.mcu.externaltools.gnu-tools-for-stm32.7-2018-q2-update.win32_1.0.0.201904181610/tools/bin/../lib/gcc/arm-none-eabi/7.3.1/thumb/v7e-m/fpv4-sp/hard/crtend.o
LOAD c:/st/stm32cubeide_1.2.0/stm32cubeide/plugins/com.st.stm32cube.ide.mcu.externaltools.gnu-tools-for-stm32.7-2018-q2-update.win32_1.0.0.201904181610/tools/bin/../lib/gcc/arm-none-eabi/7.3.1/thumb/v7e-m/fpv4-sp/hard/crtn.o
                0x0000000020020000                _estack = (ORIGIN (RAM) + LENGTH (RAM))
                0x0000000000000200                _Min_Heap_Size = 0x200
                0x0000000000000400                _Min_Stack_Size = 0x400

.isr_vector     0x0000000008000000      0x188
                0x0000000008000000                . = ALIGN (0x4)
 *(.isr_vector)
 .isr_vector    0x0000000008000000      0x188 Core/Startup/startup_stm32f407vgtx.o
                0x0000000008000000                g_pfnVectors
                0x0000000008000188                . = ALIGN (0x4)

.text           0x0000000008000188     0x7610
                0x0000000008000188                . = ALIGN (0x4)
 *(.text)
 .text          0x0000000008000188       0x40 c:/st/stm32cubeide_1.2.0/stm32cubeide/plugins/com.st.stm32cube.ide.mcu.externaltools.gnu-tools-for-stm32.7-2018-q2-update.win32_1.0.0.201904181610/tools/bin/../lib/gcc/arm-none-eabi/7.3.1/thumb/v7e-m/fpv4-sp/hard/crtbegin.o
 .text          0x00000000080001c8       0x30 c:/st/stm32cubeide_1.2.0/stm32cubeide/plugins/com.st.stm32cube.ide.mcu.externaltools.gnu-tools-for-stm32.7-2018-q2-update.win32_1.0.0.201904181610/tools/bin/../lib/gcc/arm-none-eabi/7.3.1/thumb/v7e-m/fpv4-sp/hard\libgcc.a(_aeabi_uldivmod.o)
                0x00000000080001c8                __aeabi_uldivmod
 .text          0x00000000080001f8      0x2cc c:/st/stm32cubeide_1.2.0/stm32cubeide/plugins/com.st.stm32cube.ide.mcu.externaltools.gnu-tools-for-stm32.7-2018-q2-update.win32_1.0.0.201904181610/tools/bin/../lib/gcc/arm-none-eabi/7.3.1/thumb/v7e-m/fpv4-sp/hard\libgcc.a(_udivmoddi4.o)
                0x00000000080001f8                __udivmoddi4
 .text          0x00000000080004c4        0x4 c:/st/stm32cubeide_1.2.0/stm32cubeide/plugins/com.st.stm32cube.ide.mcu.externaltools.gnu-tools-for-stm32.7-2018-q2-update.win32_1.0.0.201904181610/tools/bin/../lib/gcc/arm-none-eabi/7.3.1/thumb/v7e-m/fpv4-sp/hard\libgcc.a(_dvmd_tls.o)
                0x00000000080004c4                __aeabi_idiv0
                0x00000000080004c4                __aeabi_ldiv0
 *(.text*)
 .text.MX_GPIO_Init
                0x00000000080004c8      0x200 Core/Src/gpio.o
                0x00000000080004c8                MX_GPIO_Init
 .text.MX_I2C1_Init
                0x00000000080006c8       0x5c Core/Src/i2c.o
                0x00000000080006c8                MX_I2C1_Init
 .text.HAL_I2C_MspInit
                0x0000000008000724       0x90 Core/Src/i2c.o
                0x0000000008000724                HAL_I2C_MspInit
 .text.MX_I2S3_Init
                0x00000000080007b4       0x60 Core/Src/i2s.o
                0x00000000080007b4                MX_I2S3_Init
 .text.HAL_I2S_MspInit
                0x0000000008000814       0xd0 Core/Src/i2s.o
                0x0000000008000814                HAL_I2S_MspInit
 .text.main     0x00000000080008e4      0x19c Core/Src/main.o
                0x00000000080008e4                main
 .text.SystemClock_Config
                0x0000000008000a80      0x104 Core/Src/main.o
                0x0000000008000a80                SystemClock_Config
 .text.Error_Handler
                0x0000000008000b84        0xe Core/Src/main.o
                0x0000000008000b84                Error_Handler
 *fill*         0x0000000008000b92        0x2 
 .text.set_pixel
                0x0000000008000b94       0xb8 Core/Src/my_graphic_lib.o
                0x0000000008000b94                set_pixel
 .text.drawline
                0x0000000008000c4c      0x154 Core/Src/my_graphic_lib.o
                0x0000000008000c4c                drawline
 .text.draw_rect
                0x0000000008000da0       0x56 Core/Src/my_graphic_lib.o
                0x0000000008000da0                draw_rect
 .text.object_init
                0x0000000008000df6       0x50 Core/Src/my_graphic_lib.o
                0x0000000008000df6                object_init
 .text.object_move
                0x0000000008000e46       0xc8 Core/Src/my_graphic_lib.o
                0x0000000008000e46                object_move
 *fill*         0x0000000008000f0e        0x2 
 .text.MX_SPI1_Init
                0x0000000008000f10       0x6c Core/Src/spi.o
                0x0000000008000f10                MX_SPI1_Init
 .text.MX_SPI2_Init
                0x0000000008000f7c       0x6c Core/Src/spi.o
                0x0000000008000f7c                MX_SPI2_Init
 .text.HAL_SPI_MspInit
                0x0000000008000fe8       0xfc Core/Src/spi.o
                0x0000000008000fe8                HAL_SPI_MspInit
 .text.HAL_MspInit
                0x00000000080010e4       0x50 Core/Src/stm32f4xx_hal_msp.o
                0x00000000080010e4                HAL_MspInit
 .text.NMI_Handler
                0x0000000008001134        0xe Core/Src/stm32f4xx_it.o
                0x0000000008001134                NMI_Handler
 .text.HardFault_Handler
                0x0000000008001142        0x6 Core/Src/stm32f4xx_it.o
                0x0000000008001142                HardFault_Handler
 .text.MemManage_Handler
                0x0000000008001148        0x6 Core/Src/stm32f4xx_it.o
                0x0000000008001148                MemManage_Handler
 .text.BusFault_Handler
                0x000000000800114e        0x6 Core/Src/stm32f4xx_it.o
                0x000000000800114e                BusFault_Handler
 .text.UsageFault_Handler
                0x0000000008001154        0x6 Core/Src/stm32f4xx_it.o
                0x0000000008001154                UsageFault_Handler
 .text.SVC_Handler
                0x000000000800115a        0xe Core/Src/stm32f4xx_it.o
                0x000000000800115a                SVC_Handler
 .text.DebugMon_Handler
                0x0000000008001168        0xe Core/Src/stm32f4xx_it.o
                0x0000000008001168                DebugMon_Handler
 .text.PendSV_Handler
                0x0000000008001176        0xe Core/Src/stm32f4xx_it.o
                0x0000000008001176                PendSV_Handler
 .text.SysTick_Handler
                0x0000000008001184        0xc Core/Src/stm32f4xx_it.o
                0x0000000008001184                SysTick_Handler
 .text.OTG_FS_IRQHandler
                0x0000000008001190       0x14 Core/Src/stm32f4xx_it.o
                0x0000000008001190                OTG_FS_IRQHandler
 .text._sbrk    0x00000000080011a4       0x58 Core/Src/sysmem.o
                0x00000000080011a4                _sbrk
 .text.SystemInit
                0x00000000080011fc       0x2c Core/Src/system_stm32f4xx.o
                0x00000000080011fc                SystemInit
 .text.Reset_Handler
                0x0000000008001228       0x50 Core/Startup/startup_stm32f407vgtx.o
                0x0000000008001228                Reset_Handler
 .text.Default_Handler
                0x0000000008001278        0x2 Core/Startup/startup_stm32f407vgtx.o
                0x0000000008001278                RTC_Alarm_IRQHandler
                0x0000000008001278                HASH_RNG_IRQHandler
                0x0000000008001278                EXTI2_IRQHandler
                0x0000000008001278                TIM8_CC_IRQHandler
                0x0000000008001278                TIM1_CC_IRQHandler
                0x0000000008001278                DMA2_Stream5_IRQHandler
                0x0000000008001278                DMA1_Stream5_IRQHandler
                0x0000000008001278                PVD_IRQHandler
                0x0000000008001278                SDIO_IRQHandler
                0x0000000008001278                TAMP_STAMP_IRQHandler
                0x0000000008001278                CAN2_RX1_IRQHandler
                0x0000000008001278                EXTI3_IRQHandler
                0x0000000008001278                TIM8_TRG_COM_TIM14_IRQHandler
                0x0000000008001278                TIM1_UP_TIM10_IRQHandler
                0x0000000008001278                TIM8_UP_TIM13_IRQHandler
                0x0000000008001278                I2C3_ER_IRQHandler
                0x0000000008001278                EXTI0_IRQHandler
                0x0000000008001278                I2C2_EV_IRQHandler
                0x0000000008001278                DMA1_Stream2_IRQHandler
                0x0000000008001278                CAN1_RX0_IRQHandler
                0x0000000008001278                FPU_IRQHandler
                0x0000000008001278                OTG_HS_WKUP_IRQHandler
                0x0000000008001278                CAN2_SCE_IRQHandler
                0x0000000008001278                DMA2_Stream2_IRQHandler
                0x0000000008001278                SPI1_IRQHandler
                0x0000000008001278                TIM6_DAC_IRQHandler
                0x0000000008001278                TIM1_BRK_TIM9_IRQHandler
                0x0000000008001278                DCMI_IRQHandler
                0x0000000008001278                CAN2_RX0_IRQHandler
                0x0000000008001278                DMA2_Stream3_IRQHandler
                0x0000000008001278                USART6_IRQHandler
                0x0000000008001278                USART3_IRQHandler
                0x0000000008001278                CAN1_RX1_IRQHandler
                0x0000000008001278                UART5_IRQHandler
                0x0000000008001278                DMA2_Stream0_IRQHandler
                0x0000000008001278                TIM4_IRQHandler
                0x0000000008001278                I2C1_EV_IRQHandler
                0x0000000008001278                DMA1_Stream6_IRQHandler
                0x0000000008001278                DMA1_Stream1_IRQHandler
                0x0000000008001278                UART4_IRQHandler
                0x0000000008001278                TIM3_IRQHandler
                0x0000000008001278                RCC_IRQHandler
                0x0000000008001278                TIM8_BRK_TIM12_IRQHandler
                0x0000000008001278                Default_Handler
                0x0000000008001278                EXTI15_10_IRQHandler
                0x0000000008001278                ADC_IRQHandler
                0x0000000008001278                DMA1_Stream7_IRQHandler
                0x0000000008001278                TIM7_IRQHandler
                0x0000000008001278                CAN2_TX_IRQHandler
                0x0000000008001278                TIM5_IRQHandler
                0x0000000008001278                DMA2_Stream7_IRQHandler
                0x0000000008001278                I2C3_EV_IRQHandler
                0x0000000008001278                EXTI9_5_IRQHandler
                0x0000000008001278                RTC_WKUP_IRQHandler
                0x0000000008001278                ETH_WKUP_IRQHandler
                0x0000000008001278                SPI2_IRQHandler
                0x0000000008001278                OTG_HS_EP1_IN_IRQHandler
                0x0000000008001278                DMA1_Stream0_IRQHandler
                0x0000000008001278                CAN1_TX_IRQHandler
                0x0000000008001278                EXTI4_IRQHandler
                0x0000000008001278                FSMC_IRQHandler
                0x0000000008001278                ETH_IRQHandler
                0x0000000008001278                OTG_HS_EP1_OUT_IRQHandler
                0x0000000008001278                WWDG_IRQHandler
                0x0000000008001278                TIM2_IRQHandler
                0x0000000008001278                OTG_FS_WKUP_IRQHandler
                0x0000000008001278                TIM1_TRG_COM_TIM11_IRQHandler
                0x0000000008001278                OTG_HS_IRQHandler
                0x0000000008001278                EXTI1_IRQHandler
                0x0000000008001278                USART2_IRQHandler
                0x0000000008001278                I2C2_ER_IRQHandler
                0x0000000008001278                DMA2_Stream1_IRQHandler
                0x0000000008001278                CAN1_SCE_IRQHandler
                0x0000000008001278                FLASH_IRQHandler
                0x0000000008001278                DMA2_Stream4_IRQHandler
                0x0000000008001278                USART1_IRQHandler
                0x0000000008001278                SPI3_IRQHandler
                0x0000000008001278                DMA1_Stream4_IRQHandler
                0x0000000008001278                I2C1_ER_IRQHandler
                0x0000000008001278                DMA2_Stream6_IRQHandler
                0x0000000008001278                DMA1_Stream3_IRQHandler
 *fill*         0x000000000800127a        0x2 
 .text.ssd1306_Reset
                0x000000000800127c       0x38 Core/ssd1306/ssd1306.o
                0x000000000800127c                ssd1306_Reset
 .text.ssd1306_WriteCommand
                0x00000000080012b4       0x4c Core/ssd1306/ssd1306.o
                0x00000000080012b4                ssd1306_WriteCommand
 .text.ssd1306_WriteData
                0x0000000008001300       0x4c Core/ssd1306/ssd1306.o
                0x0000000008001300                ssd1306_WriteData
 .text.ssd1306_Init
                0x000000000800134c       0xd4 Core/ssd1306/ssd1306.o
                0x000000000800134c                ssd1306_Init
 .text.ssd1306_Fill
                0x0000000008001420       0x44 Core/ssd1306/ssd1306.o
                0x0000000008001420                ssd1306_Fill
 .text.ssd1306_UpdateScreen
                0x0000000008001464       0x4c Core/ssd1306/ssd1306.o
                0x0000000008001464                ssd1306_UpdateScreen
 .text.ssd1306_DrawPixel
                0x00000000080014b0       0xc0 Core/ssd1306/ssd1306.o
                0x00000000080014b0                ssd1306_DrawPixel
 .text.ssd1306_DrawCircle
                0x0000000008001570      0x110 Core/ssd1306/ssd1306.o
                0x0000000008001570                ssd1306_DrawCircle
 .text.ssd1306_SetContrast
                0x0000000008001680       0x26 Core/ssd1306/ssd1306.o
                0x0000000008001680                ssd1306_SetContrast
 *fill*         0x00000000080016a6        0x2 
 .text.ssd1306_SetDisplayOn
                0x00000000080016a8       0x3c Core/ssd1306/ssd1306.o
                0x00000000080016a8                ssd1306_SetDisplayOn
 .text.HAL_Init
                0x00000000080016e4       0x44 Drivers/STM32F4xx_HAL_Driver/Src/stm32f4xx_hal.o
                0x00000000080016e4                HAL_Init
 .text.HAL_InitTick
                0x0000000008001728       0x60 Drivers/STM32F4xx_HAL_Driver/Src/stm32f4xx_hal.o
                0x0000000008001728                HAL_InitTick
 .text.HAL_IncTick
                0x0000000008001788       0x28 Drivers/STM32F4xx_HAL_Driver/Src/stm32f4xx_hal.o
                0x0000000008001788                HAL_IncTick
 .text.HAL_GetTick
                0x00000000080017b0       0x18 Drivers/STM32F4xx_HAL_Driver/Src/stm32f4xx_hal.o
                0x00000000080017b0                HAL_GetTick
 .text.HAL_Delay
                0x00000000080017c8       0x44 Drivers/STM32F4xx_HAL_Driver/Src/stm32f4xx_hal.o
                0x00000000080017c8                HAL_Delay
 .text.__NVIC_SetPriorityGrouping
                0x000000000800180c       0x48 Drivers/STM32F4xx_HAL_Driver/Src/stm32f4xx_hal_cortex.o
 .text.__NVIC_GetPriorityGrouping
                0x0000000008001854       0x1c Drivers/STM32F4xx_HAL_Driver/Src/stm32f4xx_hal_cortex.o
 .text.__NVIC_EnableIRQ
                0x0000000008001870       0x3c Drivers/STM32F4xx_HAL_Driver/Src/stm32f4xx_hal_cortex.o
 .text.__NVIC_SetPriority
                0x00000000080018ac       0x54 Drivers/STM32F4xx_HAL_Driver/Src/stm32f4xx_hal_cortex.o
 .text.NVIC_EncodePriority
                0x0000000008001900       0x66 Drivers/STM32F4xx_HAL_Driver/Src/stm32f4xx_hal_cortex.o
 *fill*         0x0000000008001966        0x2 
 .text.SysTick_Config
                0x0000000008001968       0x44 Drivers/STM32F4xx_HAL_Driver/Src/stm32f4xx_hal_cortex.o
 .text.HAL_NVIC_SetPriorityGrouping
                0x00000000080019ac       0x16 Drivers/STM32F4xx_HAL_Driver/Src/stm32f4xx_hal_cortex.o
                0x00000000080019ac                HAL_NVIC_SetPriorityGrouping
 .text.HAL_NVIC_SetPriority
                0x00000000080019c2       0x38 Drivers/STM32F4xx_HAL_Driver/Src/stm32f4xx_hal_cortex.o
                0x00000000080019c2                HAL_NVIC_SetPriority
 .text.HAL_NVIC_EnableIRQ
                0x00000000080019fa       0x1c Drivers/STM32F4xx_HAL_Driver/Src/stm32f4xx_hal_cortex.o
                0x00000000080019fa                HAL_NVIC_EnableIRQ
 .text.HAL_SYSTICK_Config
                0x0000000008001a16       0x18 Drivers/STM32F4xx_HAL_Driver/Src/stm32f4xx_hal_cortex.o
                0x0000000008001a16                HAL_SYSTICK_Config
 *fill*         0x0000000008001a2e        0x2 
 .text.HAL_GPIO_Init
                0x0000000008001a30      0x334 Drivers/STM32F4xx_HAL_Driver/Src/stm32f4xx_hal_gpio.o
                0x0000000008001a30                HAL_GPIO_Init
 .text.HAL_GPIO_WritePin
                0x0000000008001d64       0x32 Drivers/STM32F4xx_HAL_Driver/Src/stm32f4xx_hal_gpio.o
                0x0000000008001d64                HAL_GPIO_WritePin
 .text.HAL_HCD_Init
                0x0000000008001d96       0xc4 Drivers/STM32F4xx_HAL_Driver/Src/stm32f4xx_hal_hcd.o
                0x0000000008001d96                HAL_HCD_Init
 .text.HAL_HCD_HC_Init
                0x0000000008001e5a      0x130 Drivers/STM32F4xx_HAL_Driver/Src/stm32f4xx_hal_hcd.o
                0x0000000008001e5a                HAL_HCD_HC_Init
 .text.HAL_HCD_HC_Halt
                0x0000000008001f8a       0x46 Drivers/STM32F4xx_HAL_Driver/Src/stm32f4xx_hal_hcd.o
                0x0000000008001f8a                HAL_HCD_HC_Halt
 .text.HAL_HCD_HC_SubmitRequest
                0x0000000008001fd0      0x2d0 Drivers/STM32F4xx_HAL_Driver/Src/stm32f4xx_hal_hcd.o
                0x0000000008001fd0                HAL_HCD_HC_SubmitRequest
 .text.HAL_HCD_IRQHandler
                0x00000000080022a0      0x20c Drivers/STM32F4xx_HAL_Driver/Src/stm32f4xx_hal_hcd.o
                0x00000000080022a0                HAL_HCD_IRQHandler
 .text.HAL_HCD_Start
                0x00000000080024ac       0x46 Drivers/STM32F4xx_HAL_Driver/Src/stm32f4xx_hal_hcd.o
                0x00000000080024ac                HAL_HCD_Start
 .text.HAL_HCD_Stop
                0x00000000080024f2       0x3a Drivers/STM32F4xx_HAL_Driver/Src/stm32f4xx_hal_hcd.o
                0x00000000080024f2                HAL_HCD_Stop
 .text.HAL_HCD_HC_GetURBState
                0x000000000800252c       0x2a Drivers/STM32F4xx_HAL_Driver/Src/stm32f4xx_hal_hcd.o
                0x000000000800252c                HAL_HCD_HC_GetURBState
 .text.HAL_HCD_HC_GetXferCount
                0x0000000008002556       0x2a Drivers/STM32F4xx_HAL_Driver/Src/stm32f4xx_hal_hcd.o
                0x0000000008002556                HAL_HCD_HC_GetXferCount
 .text.HAL_HCD_GetCurrentFrame
                0x0000000008002580       0x1c Drivers/STM32F4xx_HAL_Driver/Src/stm32f4xx_hal_hcd.o
                0x0000000008002580                HAL_HCD_GetCurrentFrame
 .text.HCD_HC_IN_IRQHandler
                0x000000000800259c      0x72e Drivers/STM32F4xx_HAL_Driver/Src/stm32f4xx_hal_hcd.o
 .text.HCD_HC_OUT_IRQHandler
                0x0000000008002cca      0x6ea Drivers/STM32F4xx_HAL_Driver/Src/stm32f4xx_hal_hcd.o
 .text.HCD_RXQLVL_IRQHandler
                0x00000000080033b4      0x158 Drivers/STM32F4xx_HAL_Driver/Src/stm32f4xx_hal_hcd.o
 .text.HCD_Port_IRQHandler
                0x000000000800350c      0x120 Drivers/STM32F4xx_HAL_Driver/Src/stm32f4xx_hal_hcd.o
 .text.HAL_I2C_Init
                0x000000000800362c      0x270 Drivers/STM32F4xx_HAL_Driver/Src/stm32f4xx_hal_i2c.o
                0x000000000800362c                HAL_I2C_Init
 .text.HAL_I2S_Init
                0x000000000800389c      0x280 Drivers/STM32F4xx_HAL_Driver/Src/stm32f4xx_hal_i2s.o
                0x000000000800389c                HAL_I2S_Init
 .text.HAL_I2S_TxCpltCallback
                0x0000000008003b1c       0x14 Drivers/STM32F4xx_HAL_Driver/Src/stm32f4xx_hal_i2s.o
                0x0000000008003b1c                HAL_I2S_TxCpltCallback
 .text.HAL_I2S_RxCpltCallback
                0x0000000008003b30       0x14 Drivers/STM32F4xx_HAL_Driver/Src/stm32f4xx_hal_i2s.o
                0x0000000008003b30                HAL_I2S_RxCpltCallback
 .text.HAL_I2S_ErrorCallback
                0x0000000008003b44       0x14 Drivers/STM32F4xx_HAL_Driver/Src/stm32f4xx_hal_i2s.o
                0x0000000008003b44                HAL_I2S_ErrorCallback
 .text.I2S_Transmit_IT
                0x0000000008003b58       0x5c Drivers/STM32F4xx_HAL_Driver/Src/stm32f4xx_hal_i2s.o
 .text.I2S_Receive_IT
                0x0000000008003bb4       0x5e Drivers/STM32F4xx_HAL_Driver/Src/stm32f4xx_hal_i2s.o
 .text.I2S_IRQHandler
                0x0000000008003c12      0x114 Drivers/STM32F4xx_HAL_Driver/Src/stm32f4xx_hal_i2s.o
 *fill*         0x0000000008003d26        0x2 
 .text.HAL_I2SEx_FullDuplex_IRQHandler
                0x0000000008003d28      0x2a8 Drivers/STM32F4xx_HAL_Driver/Src/stm32f4xx_hal_i2s_ex.o
                0x0000000008003d28                HAL_I2SEx_FullDuplex_IRQHandler
 .text.HAL_I2SEx_TxRxCpltCallback
                0x0000000008003fd0       0x14 Drivers/STM32F4xx_HAL_Driver/Src/stm32f4xx_hal_i2s_ex.o
                0x0000000008003fd0                HAL_I2SEx_TxRxCpltCallback
 .text.I2SEx_TxISR_I2S
                0x0000000008003fe4       0x62 Drivers/STM32F4xx_HAL_Driver/Src/stm32f4xx_hal_i2s_ex.o
 *fill*         0x0000000008004046        0x2 
 .text.I2SEx_TxISR_I2SExt
                0x0000000008004048       0x98 Drivers/STM32F4xx_HAL_Driver/Src/stm32f4xx_hal_i2s_ex.o
 .text.I2SEx_RxISR_I2S
                0x00000000080040e0       0x64 Drivers/STM32F4xx_HAL_Driver/Src/stm32f4xx_hal_i2s_ex.o
 .text.I2SEx_RxISR_I2SExt
                0x0000000008004144       0x98 Drivers/STM32F4xx_HAL_Driver/Src/stm32f4xx_hal_i2s_ex.o
 .text.HAL_RCC_OscConfig
                0x00000000080041dc      0x4e0 Drivers/STM32F4xx_HAL_Driver/Src/stm32f4xx_hal_rcc.o
                0x00000000080041dc                HAL_RCC_OscConfig
 .text.HAL_RCC_ClockConfig
                0x00000000080046bc      0x1cc Drivers/STM32F4xx_HAL_Driver/Src/stm32f4xx_hal_rcc.o
                0x00000000080046bc                HAL_RCC_ClockConfig
 .text.HAL_RCC_GetSysClockFreq
                0x0000000008004888      0x1b0 Drivers/STM32F4xx_HAL_Driver/Src/stm32f4xx_hal_rcc.o
                0x0000000008004888                HAL_RCC_GetSysClockFreq
 .text.HAL_RCC_GetHCLKFreq
                0x0000000008004a38       0x18 Drivers/STM32F4xx_HAL_Driver/Src/stm32f4xx_hal_rcc.o
                0x0000000008004a38                HAL_RCC_GetHCLKFreq
 .text.HAL_RCC_GetPCLK1Freq
                0x0000000008004a50       0x28 Drivers/STM32F4xx_HAL_Driver/Src/stm32f4xx_hal_rcc.o
                0x0000000008004a50                HAL_RCC_GetPCLK1Freq
 .text.HAL_RCCEx_PeriphCLKConfig
                0x0000000008004a78      0x1c4 Drivers/STM32F4xx_HAL_Driver/Src/stm32f4xx_hal_rcc_ex.o
                0x0000000008004a78                HAL_RCCEx_PeriphCLKConfig
 .text.HAL_RCCEx_GetPeriphCLKFreq
                0x0000000008004c3c       0xb8 Drivers/STM32F4xx_HAL_Driver/Src/stm32f4xx_hal_rcc_ex.o
                0x0000000008004c3c                HAL_RCCEx_GetPeriphCLKFreq
 .text.HAL_SPI_Init
                0x0000000008004cf4       0xc8 Drivers/STM32F4xx_HAL_Driver/Src/stm32f4xx_hal_spi.o
                0x0000000008004cf4                HAL_SPI_Init
 .text.HAL_SPI_Transmit
                0x0000000008004dbc      0x268 Drivers/STM32F4xx_HAL_Driver/Src/stm32f4xx_hal_spi.o
                0x0000000008004dbc                HAL_SPI_Transmit
 .text.SPI_WaitFlagStateUntilTimeout
                0x0000000008005024       0xd4 Drivers/STM32F4xx_HAL_Driver/Src/stm32f4xx_hal_spi.o
 .text.SPI_EndRxTxTransaction
                0x00000000080050f8       0x84 Drivers/STM32F4xx_HAL_Driver/Src/stm32f4xx_hal_spi.o
 .text.USB_CoreInit
                0x000000000800517c       0xc2 Drivers/STM32F4xx_HAL_Driver/Src/stm32f4xx_ll_usb.o
                0x000000000800517c                USB_CoreInit
 .text.USB_EnableGlobalInt
                0x000000000800523e       0x22 Drivers/STM32F4xx_HAL_Driver/Src/stm32f4xx_ll_usb.o
                0x000000000800523e                USB_EnableGlobalInt
 .text.USB_DisableGlobalInt
                0x0000000008005260       0x22 Drivers/STM32F4xx_HAL_Driver/Src/stm32f4xx_ll_usb.o
                0x0000000008005260                USB_DisableGlobalInt
 .text.USB_SetCurrentMode
                0x0000000008005282       0x54 Drivers/STM32F4xx_HAL_Driver/Src/stm32f4xx_ll_usb.o
                0x0000000008005282                USB_SetCurrentMode
 *fill*         0x00000000080052d6        0x2 
 .text.USB_FlushTxFifo
                0x00000000080052d8       0x4c Drivers/STM32F4xx_HAL_Driver/Src/stm32f4xx_ll_usb.o
                0x00000000080052d8                USB_FlushTxFifo
 .text.USB_FlushRxFifo
                0x0000000008005324       0x44 Drivers/STM32F4xx_HAL_Driver/Src/stm32f4xx_ll_usb.o
                0x0000000008005324                USB_FlushRxFifo
 .text.USB_WritePacket
                0x0000000008005368       0x6a Drivers/STM32F4xx_HAL_Driver/Src/stm32f4xx_ll_usb.o
                0x0000000008005368                USB_WritePacket
 .text.USB_ReadPacket
                0x00000000080053d2       0x52 Drivers/STM32F4xx_HAL_Driver/Src/stm32f4xx_ll_usb.o
                0x00000000080053d2                USB_ReadPacket
 .text.USB_ReadInterrupts
                0x0000000008005424       0x26 Drivers/STM32F4xx_HAL_Driver/Src/stm32f4xx_ll_usb.o
                0x0000000008005424                USB_ReadInterrupts
 .text.USB_GetMode
                0x000000000800544a       0x1c Drivers/STM32F4xx_HAL_Driver/Src/stm32f4xx_ll_usb.o
                0x000000000800544a                USB_GetMode
 *fill*         0x0000000008005466        0x2 
 .text.USB_CoreReset
                0x0000000008005468       0x68 Drivers/STM32F4xx_HAL_Driver/Src/stm32f4xx_ll_usb.o
 .text.USB_HostInit
                0x00000000080054d0      0x178 Drivers/STM32F4xx_HAL_Driver/Src/stm32f4xx_ll_usb.o
                0x00000000080054d0                USB_HostInit
 .text.USB_InitFSLSPClkSel
                0x0000000008005648       0x74 Drivers/STM32F4xx_HAL_Driver/Src/stm32f4xx_ll_usb.o
                0x0000000008005648                USB_InitFSLSPClkSel
 .text.USB_DriveVbus
                0x00000000080056bc       0x72 Drivers/STM32F4xx_HAL_Driver/Src/stm32f4xx_ll_usb.o
                0x00000000080056bc                USB_DriveVbus
 .text.USB_GetCurrentFrame
                0x000000000800572e       0x22 Drivers/STM32F4xx_HAL_Driver/Src/stm32f4xx_ll_usb.o
                0x000000000800572e                USB_GetCurrentFrame
 .text.USB_HC_Init
                0x0000000008005750      0x214 Drivers/STM32F4xx_HAL_Driver/Src/stm32f4xx_ll_usb.o
                0x0000000008005750                USB_HC_Init
 .text.USB_HC_StartXfer
                0x0000000008005964      0x288 Drivers/STM32F4xx_HAL_Driver/Src/stm32f4xx_ll_usb.o
                0x0000000008005964                USB_HC_StartXfer
 .text.USB_HC_ReadInterrupt
                0x0000000008005bec       0x22 Drivers/STM32F4xx_HAL_Driver/Src/stm32f4xx_ll_usb.o
                0x0000000008005bec                USB_HC_ReadInterrupt
 .text.USB_HC_Halt
                0x0000000008005c0e      0x1fe Drivers/STM32F4xx_HAL_Driver/Src/stm32f4xx_ll_usb.o
                0x0000000008005c0e                USB_HC_Halt
 .text.USB_DoPing
                0x0000000008005e0c       0x78 Drivers/STM32F4xx_HAL_Driver/Src/stm32f4xx_ll_usb.o
                0x0000000008005e0c                USB_DoPing
 .text.USB_StopHost
                0x0000000008005e84      0x10c Drivers/STM32F4xx_HAL_Driver/Src/stm32f4xx_ll_usb.o
                0x0000000008005e84                USB_StopHost
 .text.USBH_CDC_InterfaceInit
                0x0000000008005f90      0x282 Middlewares/ST/STM32_USB_Host_Library/Class/CDC/Src/usbh_cdc.o
 .text.USBH_CDC_InterfaceDeInit
                0x0000000008006212       0xb2 Middlewares/ST/STM32_USB_Host_Library/Class/CDC/Src/usbh_cdc.o
 .text.USBH_CDC_ClassRequest
                0x00000000080062c4       0x42 Middlewares/ST/STM32_USB_Host_Library/Class/CDC/Src/usbh_cdc.o
 *fill*         0x0000000008006306        0x2 
 .text.USBH_CDC_Process
                0x0000000008006308      0x12c Middlewares/ST/STM32_USB_Host_Library/Class/CDC/Src/usbh_cdc.o
 .text.USBH_CDC_SOFProcess
                0x0000000008006434       0x16 Middlewares/ST/STM32_USB_Host_Library/Class/CDC/Src/usbh_cdc.o
 .text.GetLineCoding
                0x000000000800644a       0x3e Middlewares/ST/STM32_USB_Host_Library/Class/CDC/Src/usbh_cdc.o
 .text.SetLineCoding
                0x0000000008006488       0x3e Middlewares/ST/STM32_USB_Host_Library/Class/CDC/Src/usbh_cdc.o
 .text.CDC_ProcessTransmission
                0x00000000080064c6       0xf0 Middlewares/ST/STM32_USB_Host_Library/Class/CDC/Src/usbh_cdc.o
 .text.CDC_ProcessReception
                0x00000000080065b6       0xb6 Middlewares/ST/STM32_USB_Host_Library/Class/CDC/Src/usbh_cdc.o
 .text.USBH_CDC_TransmitCallback
                0x000000000800666c       0x14 Middlewares/ST/STM32_USB_Host_Library/Class/CDC/Src/usbh_cdc.o
                0x000000000800666c                USBH_CDC_TransmitCallback
 .text.USBH_CDC_ReceiveCallback
                0x0000000008006680       0x14 Middlewares/ST/STM32_USB_Host_Library/Class/CDC/Src/usbh_cdc.o
                0x0000000008006680                USBH_CDC_ReceiveCallback
 .text.USBH_CDC_LineCodingChanged
                0x0000000008006694       0x14 Middlewares/ST/STM32_USB_Host_Library/Class/CDC/Src/usbh_cdc.o
                0x0000000008006694                USBH_CDC_LineCodingChanged
 .text.USBH_Init
                0x00000000080066a8       0x54 Middlewares/ST/STM32_USB_Host_Library/Core/Src/usbh_core.o
                0x00000000080066a8                USBH_Init
 .text.DeInitStateMachine
                0x00000000080066fc       0x92 Middlewares/ST/STM32_USB_Host_Library/Core/Src/usbh_core.o
 .text.USBH_RegisterClass
                0x000000000800678e       0x56 Middlewares/ST/STM32_USB_Host_Library/Core/Src/usbh_core.o
                0x000000000800678e                USBH_RegisterClass
 .text.USBH_SelectInterface
                0x00000000080067e4       0x38 Middlewares/ST/STM32_USB_Host_Library/Core/Src/usbh_core.o
                0x00000000080067e4                USBH_SelectInterface
 .text.USBH_FindInterface
                0x000000000800681c       0x8c Middlewares/ST/STM32_USB_Host_Library/Core/Src/usbh_core.o
                0x000000000800681c                USBH_FindInterface
 .text.USBH_Start
                0x00000000080068a8       0x20 Middlewares/ST/STM32_USB_Host_Library/Core/Src/usbh_core.o
                0x00000000080068a8                USBH_Start
 .text.USBH_LL_SetTimer
                0x00000000080068c8       0x1e Middlewares/ST/STM32_USB_Host_Library/Core/Src/usbh_core.o
                0x00000000080068c8                USBH_LL_SetTimer
 .text.USBH_LL_IncTimer
                0x00000000080068e6       0x24 Middlewares/ST/STM32_USB_Host_Library/Core/Src/usbh_core.o
                0x00000000080068e6                USBH_LL_IncTimer
 .text.USBH_HandleSof
                0x000000000800690a       0x30 Middlewares/ST/STM32_USB_Host_Library/Core/Src/usbh_core.o
 .text.USBH_LL_PortEnabled
                0x000000000800693a       0x1c Middlewares/ST/STM32_USB_Host_Library/Core/Src/usbh_core.o
                0x000000000800693a                USBH_LL_PortEnabled
 .text.USBH_LL_PortDisabled
                0x0000000008006956       0x1c Middlewares/ST/STM32_USB_Host_Library/Core/Src/usbh_core.o
                0x0000000008006956                USBH_LL_PortDisabled
 .text.USBH_LL_Connect
                0x0000000008006972       0x4c Middlewares/ST/STM32_USB_Host_Library/Core/Src/usbh_core.o
                0x0000000008006972                USBH_LL_Connect
 .text.USBH_LL_Disconnect
                0x00000000080069be       0x5a Middlewares/ST/STM32_USB_Host_Library/Core/Src/usbh_core.o
                0x00000000080069be                USBH_LL_Disconnect
 .text.USBH_ClrFeature
                0x0000000008006a18       0x48 Middlewares/ST/STM32_USB_Host_Library/Core/Src/usbh_ctlreq.o
                0x0000000008006a18                USBH_ClrFeature
 .text.USBH_CtlReq
                0x0000000008006a60       0x94 Middlewares/ST/STM32_USB_Host_Library/Core/Src/usbh_ctlreq.o
                0x0000000008006a60                USBH_CtlReq
 .text.USBH_HandleControl
                0x0000000008006af4      0x2d4 Middlewares/ST/STM32_USB_Host_Library/Core/Src/usbh_ctlreq.o
 .text.USBH_CtlSendSetup
                0x0000000008006dc8       0x34 Middlewares/ST/STM32_USB_Host_Library/Core/Src/usbh_ioreq.o
                0x0000000008006dc8                USBH_CtlSendSetup
 .text.USBH_CtlSendData
                0x0000000008006dfc       0x4a Middlewares/ST/STM32_USB_Host_Library/Core/Src/usbh_ioreq.o
                0x0000000008006dfc                USBH_CtlSendData
 .text.USBH_CtlReceiveData
                0x0000000008006e46       0x3c Middlewares/ST/STM32_USB_Host_Library/Core/Src/usbh_ioreq.o
                0x0000000008006e46                USBH_CtlReceiveData
 .text.USBH_BulkSendData
                0x0000000008006e82       0x4a Middlewares/ST/STM32_USB_Host_Library/Core/Src/usbh_ioreq.o
                0x0000000008006e82                USBH_BulkSendData
 .text.USBH_BulkReceiveData
                0x0000000008006ecc       0x3c Middlewares/ST/STM32_USB_Host_Library/Core/Src/usbh_ioreq.o
                0x0000000008006ecc                USBH_BulkReceiveData
 .text.USBH_OpenPipe
                0x0000000008006f08       0x3e Middlewares/ST/STM32_USB_Host_Library/Core/Src/usbh_pipes.o
                0x0000000008006f08                USBH_OpenPipe
 .text.USBH_ClosePipe
                0x0000000008006f46       0x20 Middlewares/ST/STM32_USB_Host_Library/Core/Src/usbh_pipes.o
                0x0000000008006f46                USBH_ClosePipe
 .text.USBH_AllocPipe
                0x0000000008006f66       0x3c Middlewares/ST/STM32_USB_Host_Library/Core/Src/usbh_pipes.o
                0x0000000008006f66                USBH_AllocPipe
 .text.USBH_FreePipe
                0x0000000008006fa2       0x38 Middlewares/ST/STM32_USB_Host_Library/Core/Src/usbh_pipes.o
                0x0000000008006fa2                USBH_FreePipe
 .text.USBH_GetFreePipe
                0x0000000008006fda       0x46 Middlewares/ST/STM32_USB_Host_Library/Core/Src/usbh_pipes.o
 .text.MX_USB_HOST_Init
                0x0000000008007020       0x4c USB_HOST/App/usb_host.o
                0x0000000008007020                MX_USB_HOST_Init
 .text.USBH_UserProcess
                0x000000000800706c       0x5c USB_HOST/App/usb_host.o
 .text.HAL_HCD_MspInit
                0x00000000080070c8       0xc4 USB_HOST/Target/usbh_conf.o
                0x00000000080070c8                HAL_HCD_MspInit
 .text.HAL_HCD_SOF_Callback
                0x000000000800718c       0x1c USB_HOST/Target/usbh_conf.o
                0x000000000800718c                HAL_HCD_SOF_Callback
 .text.HAL_HCD_Connect_Callback
                0x00000000080071a8       0x1c USB_HOST/Target/usbh_conf.o
                0x00000000080071a8                HAL_HCD_Connect_Callback
 .text.HAL_HCD_Disconnect_Callback
                0x00000000080071c4       0x1c USB_HOST/Target/usbh_conf.o
                0x00000000080071c4                HAL_HCD_Disconnect_Callback
 .text.HAL_HCD_HC_NotifyURBChange_Callback
                0x00000000080071e0       0x1c USB_HOST/Target/usbh_conf.o
                0x00000000080071e0                HAL_HCD_HC_NotifyURBChange_Callback
 .text.HAL_HCD_PortEnabled_Callback
                0x00000000080071fc       0x1c USB_HOST/Target/usbh_conf.o
                0x00000000080071fc                HAL_HCD_PortEnabled_Callback
 .text.HAL_HCD_PortDisabled_Callback
                0x0000000008007218       0x1c USB_HOST/Target/usbh_conf.o
                0x0000000008007218                HAL_HCD_PortDisabled_Callback
 .text.USBH_LL_Init
                0x0000000008007234       0x78 USB_HOST/Target/usbh_conf.o
                0x0000000008007234                USBH_LL_Init
 .text.USBH_LL_Start
                0x00000000080072ac       0x36 USB_HOST/Target/usbh_conf.o
                0x00000000080072ac                USBH_LL_Start
 .text.USBH_LL_Stop
                0x00000000080072e2       0x36 USB_HOST/Target/usbh_conf.o
                0x00000000080072e2                USBH_LL_Stop
 .text.USBH_LL_GetLastXferSize
                0x0000000008007318       0x26 USB_HOST/Target/usbh_conf.o
                0x0000000008007318                USBH_LL_GetLastXferSize
 .text.USBH_LL_OpenPipe
                0x000000000800733e       0x5e USB_HOST/Target/usbh_conf.o
                0x000000000800733e                USBH_LL_OpenPipe
 .text.USBH_LL_ClosePipe
                0x000000000800739c       0x3e USB_HOST/Target/usbh_conf.o
                0x000000000800739c                USBH_LL_ClosePipe
 .text.USBH_LL_SubmitURB
                0x00000000080073da       0x62 USB_HOST/Target/usbh_conf.o
                0x00000000080073da                USBH_LL_SubmitURB
 .text.USBH_LL_GetURBState
                0x000000000800743c       0x26 USB_HOST/Target/usbh_conf.o
                0x000000000800743c                USBH_LL_GetURBState
 .text.USBH_LL_DriverVBUS
                0x0000000008007462       0x2e USB_HOST/Target/usbh_conf.o
                0x0000000008007462                USBH_LL_DriverVBUS
 .text.USBH_LL_SetToggle
                0x0000000008007490       0x66 USB_HOST/Target/usbh_conf.o
                0x0000000008007490                USBH_LL_SetToggle
 *fill*         0x00000000080074f6        0x2 
 .text.USBH_Get_USB_Status
                0x00000000080074f8       0x58 USB_HOST/Target/usbh_conf.o
                0x00000000080074f8                USBH_Get_USB_Status
 .text.MX_DriverVbusFS
                0x0000000008007550       0x38 USB_HOST/Target/usbh_platform.o
                0x0000000008007550                MX_DriverVbusFS
 .text.__errno  0x0000000008007588        0xc c:/st/stm32cubeide_1.2.0/stm32cubeide/plugins/com.st.stm32cube.ide.mcu.externaltools.gnu-tools-for-stm32.7-2018-q2-update.win32_1.0.0.201904181610/tools/bin/../lib/gcc/arm-none-eabi/7.3.1/../../../../arm-none-eabi/lib/thumb/v7e-m/fpv4-sp/hard\libc_nano.a(lib_a-errno.o)
                0x0000000008007588                __errno
 .text.__libc_init_array
                0x0000000008007594       0x48 c:/st/stm32cubeide_1.2.0/stm32cubeide/plugins/com.st.stm32cube.ide.mcu.externaltools.gnu-tools-for-stm32.7-2018-q2-update.win32_1.0.0.201904181610/tools/bin/../lib/gcc/arm-none-eabi/7.3.1/../../../../arm-none-eabi/lib/thumb/v7e-m/fpv4-sp/hard\libc_nano.a(lib_a-init.o)
                0x0000000008007594                __libc_init_array
 .text.malloc   0x00000000080075dc       0x10 c:/st/stm32cubeide_1.2.0/stm32cubeide/plugins/com.st.stm32cube.ide.mcu.externaltools.gnu-tools-for-stm32.7-2018-q2-update.win32_1.0.0.201904181610/tools/bin/../lib/gcc/arm-none-eabi/7.3.1/../../../../arm-none-eabi/lib/thumb/v7e-m/fpv4-sp/hard\libc_nano.a(lib_a-malloc.o)
                0x00000000080075dc                malloc
 .text.free     0x00000000080075ec       0x10 c:/st/stm32cubeide_1.2.0/stm32cubeide/plugins/com.st.stm32cube.ide.mcu.externaltools.gnu-tools-for-stm32.7-2018-q2-update.win32_1.0.0.201904181610/tools/bin/../lib/gcc/arm-none-eabi/7.3.1/../../../../arm-none-eabi/lib/thumb/v7e-m/fpv4-sp/hard\libc_nano.a(lib_a-malloc.o)
                0x00000000080075ec                free
 .text.memset   0x00000000080075fc       0x10 c:/st/stm32cubeide_1.2.0/stm32cubeide/plugins/com.st.stm32cube.ide.mcu.externaltools.gnu-tools-for-stm32.7-2018-q2-update.win32_1.0.0.201904181610/tools/bin/../lib/gcc/arm-none-eabi/7.3.1/../../../../arm-none-eabi/lib/thumb/v7e-m/fpv4-sp/hard\libc_nano.a(lib_a-memset.o)
                0x00000000080075fc                memset
 .text._free_r  0x000000000800760c       0x9c c:/st/stm32cubeide_1.2.0/stm32cubeide/plugins/com.st.stm32cube.ide.mcu.externaltools.gnu-tools-for-stm32.7-2018-q2-update.win32_1.0.0.201904181610/tools/bin/../lib/gcc/arm-none-eabi/7.3.1/../../../../arm-none-eabi/lib/thumb/v7e-m/fpv4-sp/hard\libc_nano.a(lib_a-nano-freer.o)
                0x000000000800760c                _free_r
 .text._malloc_r
                0x00000000080076a8       0xb4 c:/st/stm32cubeide_1.2.0/stm32cubeide/plugins/com.st.stm32cube.ide.mcu.externaltools.gnu-tools-for-stm32.7-2018-q2-update.win32_1.0.0.201904181610/tools/bin/../lib/gcc/arm-none-eabi/7.3.1/../../../../arm-none-eabi/lib/thumb/v7e-m/fpv4-sp/hard\libc_nano.a(lib_a-nano-mallocr.o)
                0x00000000080076a8                _malloc_r
 .text._sbrk_r  0x000000000800775c       0x20 c:/st/stm32cubeide_1.2.0/stm32cubeide/plugins/com.st.stm32cube.ide.mcu.externaltools.gnu-tools-for-stm32.7-2018-q2-update.win32_1.0.0.201904181610/tools/bin/../lib/gcc/arm-none-eabi/7.3.1/../../../../arm-none-eabi/lib/thumb/v7e-m/fpv4-sp/hard\libc_nano.a(lib_a-sbrkr.o)
                0x000000000800775c                _sbrk_r
 .text.__malloc_lock
                0x000000000800777c        0x2 c:/st/stm32cubeide_1.2.0/stm32cubeide/plugins/com.st.stm32cube.ide.mcu.externaltools.gnu-tools-for-stm32.7-2018-q2-update.win32_1.0.0.201904181610/tools/bin/../lib/gcc/arm-none-eabi/7.3.1/../../../../arm-none-eabi/lib/thumb/v7e-m/fpv4-sp/hard\libc_nano.a(lib_a-mlock.o)
                0x000000000800777c                __malloc_lock
 .text.__malloc_unlock
                0x000000000800777e        0x2 c:/st/stm32cubeide_1.2.0/stm32cubeide/plugins/com.st.stm32cube.ide.mcu.externaltools.gnu-tools-for-stm32.7-2018-q2-update.win32_1.0.0.201904181610/tools/bin/../lib/gcc/arm-none-eabi/7.3.1/../../../../arm-none-eabi/lib/thumb/v7e-m/fpv4-sp/hard\libc_nano.a(lib_a-mlock.o)
                0x000000000800777e                __malloc_unlock
 *(.glue_7)
 .glue_7        0x0000000008007780        0x0 linker stubs
 *(.glue_7t)
 .glue_7t       0x0000000008007780        0x0 linker stubs
 *(.eh_frame)
 .eh_frame      0x0000000008007780        0x0 c:/st/stm32cubeide_1.2.0/stm32cubeide/plugins/com.st.stm32cube.ide.mcu.externaltools.gnu-tools-for-stm32.7-2018-q2-update.win32_1.0.0.201904181610/tools/bin/../lib/gcc/arm-none-eabi/7.3.1/thumb/v7e-m/fpv4-sp/hard/crtbegin.o
 *(.init)
 .init          0x0000000008007780        0x4 c:/st/stm32cubeide_1.2.0/stm32cubeide/plugins/com.st.stm32cube.ide.mcu.externaltools.gnu-tools-for-stm32.7-2018-q2-update.win32_1.0.0.201904181610/tools/bin/../lib/gcc/arm-none-eabi/7.3.1/thumb/v7e-m/fpv4-sp/hard/crti.o
                0x0000000008007780                _init
 .init          0x0000000008007784        0x8 c:/st/stm32cubeide_1.2.0/stm32cubeide/plugins/com.st.stm32cube.ide.mcu.externaltools.gnu-tools-for-stm32.7-2018-q2-update.win32_1.0.0.201904181610/tools/bin/../lib/gcc/arm-none-eabi/7.3.1/thumb/v7e-m/fpv4-sp/hard/crtn.o
 *(.fini)
 .fini          0x000000000800778c        0x4 c:/st/stm32cubeide_1.2.0/stm32cubeide/plugins/com.st.stm32cube.ide.mcu.externaltools.gnu-tools-for-stm32.7-2018-q2-update.win32_1.0.0.201904181610/tools/bin/../lib/gcc/arm-none-eabi/7.3.1/thumb/v7e-m/fpv4-sp/hard/crti.o
                0x000000000800778c                _fini
 .fini          0x0000000008007790        0x8 c:/st/stm32cubeide_1.2.0/stm32cubeide/plugins/com.st.stm32cube.ide.mcu.externaltools.gnu-tools-for-stm32.7-2018-q2-update.win32_1.0.0.201904181610/tools/bin/../lib/gcc/arm-none-eabi/7.3.1/thumb/v7e-m/fpv4-sp/hard/crtn.o
                0x0000000008007798                . = ALIGN (0x4)
                0x0000000008007798                _etext = .

.vfp11_veneer   0x0000000008007798        0x0
 .vfp11_veneer  0x0000000008007798        0x0 linker stubs

.v4_bx          0x0000000008007798        0x0
 .v4_bx         0x0000000008007798        0x0 linker stubs

.iplt           0x0000000008007798        0x0
 .iplt          0x0000000008007798        0x0 c:/st/stm32cubeide_1.2.0/stm32cubeide/plugins/com.st.stm32cube.ide.mcu.externaltools.gnu-tools-for-stm32.7-2018-q2-update.win32_1.0.0.201904181610/tools/bin/../lib/gcc/arm-none-eabi/7.3.1/thumb/v7e-m/fpv4-sp/hard/crtbegin.o

.rodata         0x0000000008007798       0x1c
                0x0000000008007798                . = ALIGN (0x4)
 *(.rodata)
 .rodata        0x0000000008007798        0x4 Middlewares/ST/STM32_USB_Host_Library/Class/CDC/Src/usbh_cdc.o
 *(.rodata*)
 .rodata.AHBPrescTable
                0x000000000800779c       0x10 Core/Src/system_stm32f4xx.o
                0x000000000800779c                AHBPrescTable
 .rodata.APBPrescTable
                0x00000000080077ac        0x8 Core/Src/system_stm32f4xx.o
                0x00000000080077ac                APBPrescTable
                0x00000000080077b4                . = ALIGN (0x4)

.ARM.extab      0x00000000080077b4        0x0
                0x00000000080077b4                . = ALIGN (0x4)
 *(.ARM.extab* .gnu.linkonce.armextab.*)
                0x00000000080077b4                . = ALIGN (0x4)

.ARM            0x00000000080077b4        0x8
                0x00000000080077b4                . = ALIGN (0x4)
                0x00000000080077b4                __exidx_start = .
 *(.ARM.exidx*)
 .ARM.exidx     0x00000000080077b4        0x8 c:/st/stm32cubeide_1.2.0/stm32cubeide/plugins/com.st.stm32cube.ide.mcu.externaltools.gnu-tools-for-stm32.7-2018-q2-update.win32_1.0.0.201904181610/tools/bin/../lib/gcc/arm-none-eabi/7.3.1/thumb/v7e-m/fpv4-sp/hard\libgcc.a(_udivmoddi4.o)
                0x00000000080077bc                __exidx_end = .
                0x00000000080077bc                . = ALIGN (0x4)

.rel.dyn        0x00000000080077bc        0x0
 .rel.iplt      0x00000000080077bc        0x0 c:/st/stm32cubeide_1.2.0/stm32cubeide/plugins/com.st.stm32cube.ide.mcu.externaltools.gnu-tools-for-stm32.7-2018-q2-update.win32_1.0.0.201904181610/tools/bin/../lib/gcc/arm-none-eabi/7.3.1/thumb/v7e-m/fpv4-sp/hard/crtbegin.o

.preinit_array  0x00000000080077bc        0x0
                0x00000000080077bc                . = ALIGN (0x4)
                0x00000000080077bc                PROVIDE (__preinit_array_start = .)
 *(.preinit_array*)
                0x00000000080077bc                PROVIDE (__preinit_array_end = .)
                0x00000000080077bc                . = ALIGN (0x4)

.init_array     0x00000000080077bc        0x4
                0x00000000080077bc                . = ALIGN (0x4)
                0x00000000080077bc                PROVIDE (__init_array_start = .)
 *(SORT_BY_NAME(.init_array.*))
 *(.init_array*)
 .init_array    0x00000000080077bc        0x4 c:/st/stm32cubeide_1.2.0/stm32cubeide/plugins/com.st.stm32cube.ide.mcu.externaltools.gnu-tools-for-stm32.7-2018-q2-update.win32_1.0.0.201904181610/tools/bin/../lib/gcc/arm-none-eabi/7.3.1/thumb/v7e-m/fpv4-sp/hard/crtbegin.o
                0x00000000080077c0                PROVIDE (__init_array_end = .)
                0x00000000080077c0                . = ALIGN (0x4)

.fini_array     0x00000000080077c0        0x4
                0x00000000080077c0                . = ALIGN (0x4)
                [!provide]                        PROVIDE (__fini_array_start = .)
 *(SORT_BY_NAME(.fini_array.*))
 *(.fini_array*)
 .fini_array    0x00000000080077c0        0x4 c:/st/stm32cubeide_1.2.0/stm32cubeide/plugins/com.st.stm32cube.ide.mcu.externaltools.gnu-tools-for-stm32.7-2018-q2-update.win32_1.0.0.201904181610/tools/bin/../lib/gcc/arm-none-eabi/7.3.1/thumb/v7e-m/fpv4-sp/hard/crtbegin.o
                [!provide]                        PROVIDE (__fini_array_end = .)
                0x00000000080077c4                . = ALIGN (0x4)
                0x00000000080077c4                _sidata = LOADADDR (.data)

.data           0x0000000020000000       0x90 load address 0x00000000080077c4
                0x0000000020000000                . = ALIGN (0x4)
                0x0000000020000000                _sdata = .
 *(.data)
 *(.data*)
 .data.SystemCoreClock
                0x0000000020000000        0x4 Core/Src/system_stm32f4xx.o
                0x0000000020000000                SystemCoreClock
 .data.uwTickPrio
                0x0000000020000004        0x4 Drivers/STM32F4xx_HAL_Driver/Src/stm32f4xx_hal.o
                0x0000000020000004                uwTickPrio
 .data.uwTickFreq
                0x0000000020000008        0x1 Drivers/STM32F4xx_HAL_Driver/Src/stm32f4xx_hal.o
                0x0000000020000008                uwTickFreq
 *fill*         0x0000000020000009        0x3 
 .data.CDC_Class
                0x000000002000000c       0x20 Middlewares/ST/STM32_USB_Host_Library/Class/CDC/Src/usbh_cdc.o
                0x000000002000000c                CDC_Class
 .data._impure_ptr
                0x000000002000002c        0x4 c:/st/stm32cubeide_1.2.0/stm32cubeide/plugins/com.st.stm32cube.ide.mcu.externaltools.gnu-tools-for-stm32.7-2018-q2-update.win32_1.0.0.201904181610/tools/bin/../lib/gcc/arm-none-eabi/7.3.1/../../../../arm-none-eabi/lib/thumb/v7e-m/fpv4-sp/hard\libc_nano.a(lib_a-impure.o)
                0x000000002000002c                _impure_ptr
 .data.impure_data
                0x0000000020000030       0x60 c:/st/stm32cubeide_1.2.0/stm32cubeide/plugins/com.st.stm32cube.ide.mcu.externaltools.gnu-tools-for-stm32.7-2018-q2-update.win32_1.0.0.201904181610/tools/bin/../lib/gcc/arm-none-eabi/7.3.1/../../../../arm-none-eabi/lib/thumb/v7e-m/fpv4-sp/hard\libc_nano.a(lib_a-impure.o)
                0x0000000020000090                . = ALIGN (0x4)
                0x0000000020000090                _edata = .

.igot.plt       0x0000000020000090        0x0 load address 0x0000000008007854
 .igot.plt      0x0000000020000090        0x0 c:/st/stm32cubeide_1.2.0/stm32cubeide/plugins/com.st.stm32cube.ide.mcu.externaltools.gnu-tools-for-stm32.7-2018-q2-update.win32_1.0.0.201904181610/tools/bin/../lib/gcc/arm-none-eabi/7.3.1/thumb/v7e-m/fpv4-sp/hard/crtbegin.o
                0x0000000020000090                . = ALIGN (0x4)

.bss            0x0000000020000090      0xc1c load address 0x0000000008007854
                0x0000000020000090                _sbss = .
                0x0000000020000090                __bss_start__ = _sbss
 *(.bss)
 .bss           0x0000000020000090       0x1c c:/st/stm32cubeide_1.2.0/stm32cubeide/plugins/com.st.stm32cube.ide.mcu.externaltools.gnu-tools-for-stm32.7-2018-q2-update.win32_1.0.0.201904181610/tools/bin/../lib/gcc/arm-none-eabi/7.3.1/thumb/v7e-m/fpv4-sp/hard/crtbegin.o
 *(.bss*)
 .bss.heap_end.6424
                0x00000000200000ac        0x4 Core/Src/sysmem.o
 .bss.SSD1306   0x00000000200000b0        0x8 Core/ssd1306/ssd1306.o
 .bss.tmpreg.8435
                0x00000000200000b8        0x4 Drivers/STM32F4xx_HAL_Driver/Src/stm32f4xx_ll_usb.o
 .bss.Appli_state
                0x00000000200000bc        0x1 USB_HOST/App/usb_host.o
                0x00000000200000bc                Appli_state
 *fill*         0x00000000200000bd        0x3 
 .bss.__malloc_free_list
                0x00000000200000c0        0x4 c:/st/stm32cubeide_1.2.0/stm32cubeide/plugins/com.st.stm32cube.ide.mcu.externaltools.gnu-tools-for-stm32.7-2018-q2-update.win32_1.0.0.201904181610/tools/bin/../lib/gcc/arm-none-eabi/7.3.1/../../../../arm-none-eabi/lib/thumb/v7e-m/fpv4-sp/hard\libc_nano.a(lib_a-nano-mallocr.o)
                0x00000000200000c0                __malloc_free_list
 .bss.__malloc_sbrk_start
                0x00000000200000c4        0x4 c:/st/stm32cubeide_1.2.0/stm32cubeide/plugins/com.st.stm32cube.ide.mcu.externaltools.gnu-tools-for-stm32.7-2018-q2-update.win32_1.0.0.201904181610/tools/bin/../lib/gcc/arm-none-eabi/7.3.1/../../../../arm-none-eabi/lib/thumb/v7e-m/fpv4-sp/hard\libc_nano.a(lib_a-nano-mallocr.o)
                0x00000000200000c4                __malloc_sbrk_start
 *(COMMON)
 COMMON         0x00000000200000c8       0x54 Core/Src/i2c.o
                0x00000000200000c8                hi2c1
 COMMON         0x000000002000011c       0x48 Core/Src/i2s.o
                0x000000002000011c                hi2s3
 COMMON         0x0000000020000164       0xb0 Core/Src/spi.o
                0x0000000020000164                hspi2
                0x00000000200001bc                hspi1
 COMMON         0x0000000020000214      0x400 Core/ssd1306/ssd1306.o
                0x0000000020000214                SSD1306_Buffer
 COMMON         0x0000000020000614        0x4 Drivers/STM32F4xx_HAL_Driver/Src/stm32f4xx_hal.o
                0x0000000020000614                uwTick
 COMMON         0x0000000020000618      0x3cc USB_HOST/App/usb_host.o
                0x0000000020000618                hUsbHostFS
 COMMON         0x00000000200009e4      0x2c4 USB_HOST/Target/usbh_conf.o
                0x00000000200009e4                hhcd_USB_OTG_FS
 COMMON         0x0000000020000ca8        0x4 c:/st/stm32cubeide_1.2.0/stm32cubeide/plugins/com.st.stm32cube.ide.mcu.externaltools.gnu-tools-for-stm32.7-2018-q2-update.win32_1.0.0.201904181610/tools/bin/../lib/gcc/arm-none-eabi/7.3.1/../../../../arm-none-eabi/lib/thumb/v7e-m/fpv4-sp/hard\libc_nano.a(lib_a-reent.o)
                0x0000000020000ca8                errno
                0x0000000020000cac                . = ALIGN (0x4)
                0x0000000020000cac                _ebss = .
                0x0000000020000cac                __bss_end__ = _ebss

._user_heap_stack
                0x0000000020000cac      0x604 load address 0x0000000008007854
                0x0000000020000cb0                . = ALIGN (0x8)
 *fill*         0x0000000020000cac        0x4 
                0x0000000020000cb0                PROVIDE (end = .)
                [!provide]                        PROVIDE (_end = .)
                0x0000000020000eb0                . = (. + _Min_Heap_Size)
 *fill*         0x0000000020000cb0      0x200 
                0x00000000200012b0                . = (. + _Min_Stack_Size)
 *fill*         0x0000000020000eb0      0x400 
                0x00000000200012b0                . = ALIGN (0x8)

/DISCARD/
 libc.a(*)
 libm.a(*)
 libgcc.a(*)

.ARM.attributes
                0x0000000000000000       0x30
 *(.ARM.attributes)
 .ARM.attributes
                0x0000000000000000       0x22 c:/st/stm32cubeide_1.2.0/stm32cubeide/plugins/com.st.stm32cube.ide.mcu.externaltools.gnu-tools-for-stm32.7-2018-q2-update.win32_1.0.0.201904181610/tools/bin/../lib/gcc/arm-none-eabi/7.3.1/thumb/v7e-m/fpv4-sp/hard/crti.o
 .ARM.attributes
                0x0000000000000022       0x34 c:/st/stm32cubeide_1.2.0/stm32cubeide/plugins/com.st.stm32cube.ide.mcu.externaltools.gnu-tools-for-stm32.7-2018-q2-update.win32_1.0.0.201904181610/tools/bin/../lib/gcc/arm-none-eabi/7.3.1/thumb/v7e-m/fpv4-sp/hard/crtbegin.o
 .ARM.attributes
                0x0000000000000056       0x39 Core/Src/gpio.o
 .ARM.attributes
                0x000000000000008f       0x39 Core/Src/i2c.o
 .ARM.attributes
                0x00000000000000c8       0x39 Core/Src/i2s.o
 .ARM.attributes
                0x0000000000000101       0x39 Core/Src/main.o
 .ARM.attributes
                0x000000000000013a       0x39 Core/Src/my_graphic_lib.o
 .ARM.attributes
                0x0000000000000173       0x39 Core/Src/spi.o
 .ARM.attributes
                0x00000000000001ac       0x39 Core/Src/stm32f4xx_hal_msp.o
 .ARM.attributes
                0x00000000000001e5       0x39 Core/Src/stm32f4xx_it.o
 .ARM.attributes
                0x000000000000021e       0x39 Core/Src/sysmem.o
 .ARM.attributes
                0x0000000000000257       0x39 Core/Src/system_stm32f4xx.o
 .ARM.attributes
                0x0000000000000290       0x21 Core/Startup/startup_stm32f407vgtx.o
 .ARM.attributes
                0x00000000000002b1       0x39 Core/ssd1306/ssd1306.o
 .ARM.attributes
                0x00000000000002ea       0x39 Drivers/STM32F4xx_HAL_Driver/Src/stm32f4xx_hal.o
 .ARM.attributes
                0x0000000000000323       0x39 Drivers/STM32F4xx_HAL_Driver/Src/stm32f4xx_hal_cortex.o
 .ARM.attributes
                0x000000000000035c       0x39 Drivers/STM32F4xx_HAL_Driver/Src/stm32f4xx_hal_gpio.o
 .ARM.attributes
                0x0000000000000395       0x39 Drivers/STM32F4xx_HAL_Driver/Src/stm32f4xx_hal_hcd.o
 .ARM.attributes
                0x00000000000003ce       0x39 Drivers/STM32F4xx_HAL_Driver/Src/stm32f4xx_hal_i2c.o
 .ARM.attributes
                0x0000000000000407       0x39 Drivers/STM32F4xx_HAL_Driver/Src/stm32f4xx_hal_i2s.o
 .ARM.attributes
                0x0000000000000440       0x39 Drivers/STM32F4xx_HAL_Driver/Src/stm32f4xx_hal_i2s_ex.o
 .ARM.attributes
                0x0000000000000479       0x39 Drivers/STM32F4xx_HAL_Driver/Src/stm32f4xx_hal_rcc.o
 .ARM.attributes
                0x00000000000004b2       0x39 Drivers/STM32F4xx_HAL_Driver/Src/stm32f4xx_hal_rcc_ex.o
 .ARM.attributes
                0x00000000000004eb       0x39 Drivers/STM32F4xx_HAL_Driver/Src/stm32f4xx_hal_spi.o
 .ARM.attributes
                0x0000000000000524       0x39 Drivers/STM32F4xx_HAL_Driver/Src/stm32f4xx_ll_usb.o
 .ARM.attributes
                0x000000000000055d       0x39 Middlewares/ST/STM32_USB_Host_Library/Class/CDC/Src/usbh_cdc.o
 .ARM.attributes
                0x0000000000000596       0x39 Middlewares/ST/STM32_USB_Host_Library/Core/Src/usbh_core.o
 .ARM.attributes
                0x00000000000005cf       0x39 Middlewares/ST/STM32_USB_Host_Library/Core/Src/usbh_ctlreq.o
 .ARM.attributes
                0x0000000000000608       0x39 Middlewares/ST/STM32_USB_Host_Library/Core/Src/usbh_ioreq.o
 .ARM.attributes
                0x0000000000000641       0x39 Middlewares/ST/STM32_USB_Host_Library/Core/Src/usbh_pipes.o
 .ARM.attributes
                0x000000000000067a       0x39 USB_HOST/App/usb_host.o
 .ARM.attributes
                0x00000000000006b3       0x39 USB_HOST/Target/usbh_conf.o
 .ARM.attributes
                0x00000000000006ec       0x39 USB_HOST/Target/usbh_platform.o
 .ARM.attributes
                0x0000000000000725       0x34 c:/st/stm32cubeide_1.2.0/stm32cubeide/plugins/com.st.stm32cube.ide.mcu.externaltools.gnu-tools-for-stm32.7-2018-q2-update.win32_1.0.0.201904181610/tools/bin/../lib/gcc/arm-none-eabi/7.3.1/../../../../arm-none-eabi/lib/thumb/v7e-m/fpv4-sp/hard\libc_nano.a(lib_a-errno.o)
 .ARM.attributes
                0x0000000000000759       0x34 c:/st/stm32cubeide_1.2.0/stm32cubeide/plugins/com.st.stm32cube.ide.mcu.externaltools.gnu-tools-for-stm32.7-2018-q2-update.win32_1.0.0.201904181610/tools/bin/../lib/gcc/arm-none-eabi/7.3.1/../../../../arm-none-eabi/lib/thumb/v7e-m/fpv4-sp/hard\libc_nano.a(lib_a-impure.o)
 .ARM.attributes
                0x000000000000078d       0x34 c:/st/stm32cubeide_1.2.0/stm32cubeide/plugins/com.st.stm32cube.ide.mcu.externaltools.gnu-tools-for-stm32.7-2018-q2-update.win32_1.0.0.201904181610/tools/bin/../lib/gcc/arm-none-eabi/7.3.1/../../../../arm-none-eabi/lib/thumb/v7e-m/fpv4-sp/hard\libc_nano.a(lib_a-init.o)
 .ARM.attributes
                0x00000000000007c1       0x34 c:/st/stm32cubeide_1.2.0/stm32cubeide/plugins/com.st.stm32cube.ide.mcu.externaltools.gnu-tools-for-stm32.7-2018-q2-update.win32_1.0.0.201904181610/tools/bin/../lib/gcc/arm-none-eabi/7.3.1/../../../../arm-none-eabi/lib/thumb/v7e-m/fpv4-sp/hard\libc_nano.a(lib_a-malloc.o)
 .ARM.attributes
                0x00000000000007f5       0x34 c:/st/stm32cubeide_1.2.0/stm32cubeide/plugins/com.st.stm32cube.ide.mcu.externaltools.gnu-tools-for-stm32.7-2018-q2-update.win32_1.0.0.201904181610/tools/bin/../lib/gcc/arm-none-eabi/7.3.1/../../../../arm-none-eabi/lib/thumb/v7e-m/fpv4-sp/hard\libc_nano.a(lib_a-memset.o)
 .ARM.attributes
                0x0000000000000829       0x34 c:/st/stm32cubeide_1.2.0/stm32cubeide/plugins/com.st.stm32cube.ide.mcu.externaltools.gnu-tools-for-stm32.7-2018-q2-update.win32_1.0.0.201904181610/tools/bin/../lib/gcc/arm-none-eabi/7.3.1/../../../../arm-none-eabi/lib/thumb/v7e-m/fpv4-sp/hard\libc_nano.a(lib_a-nano-freer.o)
 .ARM.attributes
                0x000000000000085d       0x34 c:/st/stm32cubeide_1.2.0/stm32cubeide/plugins/com.st.stm32cube.ide.mcu.externaltools.gnu-tools-for-stm32.7-2018-q2-update.win32_1.0.0.201904181610/tools/bin/../lib/gcc/arm-none-eabi/7.3.1/../../../../arm-none-eabi/lib/thumb/v7e-m/fpv4-sp/hard\libc_nano.a(lib_a-nano-mallocr.o)
 .ARM.attributes
                0x0000000000000891       0x34 c:/st/stm32cubeide_1.2.0/stm32cubeide/plugins/com.st.stm32cube.ide.mcu.externaltools.gnu-tools-for-stm32.7-2018-q2-update.win32_1.0.0.201904181610/tools/bin/../lib/gcc/arm-none-eabi/7.3.1/../../../../arm-none-eabi/lib/thumb/v7e-m/fpv4-sp/hard\libc_nano.a(lib_a-sbrkr.o)
 .ARM.attributes
                0x00000000000008c5       0x34 c:/st/stm32cubeide_1.2.0/stm32cubeide/plugins/com.st.stm32cube.ide.mcu.externaltools.gnu-tools-for-stm32.7-2018-q2-update.win32_1.0.0.201904181610/tools/bin/../lib/gcc/arm-none-eabi/7.3.1/../../../../arm-none-eabi/lib/thumb/v7e-m/fpv4-sp/hard\libc_nano.a(lib_a-mlock.o)
 .ARM.attributes
                0x00000000000008f9       0x34 c:/st/stm32cubeide_1.2.0/stm32cubeide/plugins/com.st.stm32cube.ide.mcu.externaltools.gnu-tools-for-stm32.7-2018-q2-update.win32_1.0.0.201904181610/tools/bin/../lib/gcc/arm-none-eabi/7.3.1/../../../../arm-none-eabi/lib/thumb/v7e-m/fpv4-sp/hard\libc_nano.a(lib_a-reent.o)
 .ARM.attributes
                0x000000000000092d       0x22 c:/st/stm32cubeide_1.2.0/stm32cubeide/plugins/com.st.stm32cube.ide.mcu.externaltools.gnu-tools-for-stm32.7-2018-q2-update.win32_1.0.0.201904181610/tools/bin/../lib/gcc/arm-none-eabi/7.3.1/thumb/v7e-m/fpv4-sp/hard\libgcc.a(_aeabi_uldivmod.o)
 .ARM.attributes
                0x000000000000094f       0x34 c:/st/stm32cubeide_1.2.0/stm32cubeide/plugins/com.st.stm32cube.ide.mcu.externaltools.gnu-tools-for-stm32.7-2018-q2-update.win32_1.0.0.201904181610/tools/bin/../lib/gcc/arm-none-eabi/7.3.1/thumb/v7e-m/fpv4-sp/hard\libgcc.a(_udivmoddi4.o)
 .ARM.attributes
                0x0000000000000983       0x22 c:/st/stm32cubeide_1.2.0/stm32cubeide/plugins/com.st.stm32cube.ide.mcu.externaltools.gnu-tools-for-stm32.7-2018-q2-update.win32_1.0.0.201904181610/tools/bin/../lib/gcc/arm-none-eabi/7.3.1/thumb/v7e-m/fpv4-sp/hard\libgcc.a(_dvmd_tls.o)
 .ARM.attributes
                0x00000000000009a5       0x22 c:/st/stm32cubeide_1.2.0/stm32cubeide/plugins/com.st.stm32cube.ide.mcu.externaltools.gnu-tools-for-stm32.7-2018-q2-update.win32_1.0.0.201904181610/tools/bin/../lib/gcc/arm-none-eabi/7.3.1/thumb/v7e-m/fpv4-sp/hard/crtn.o
OUTPUT(stm32f4_oled_test_1.elf elf32-littlearm)

.debug_info     0x0000000000000000    0x1c62a
 .debug_info    0x0000000000000000      0x500 Core/Src/gpio.o
 .debug_info    0x0000000000000500      0x9dd Core/Src/i2c.o
 .debug_info    0x0000000000000edd      0x9a8 Core/Src/i2s.o
 .debug_info    0x0000000000001885     0x18da Core/Src/main.o
 .debug_info    0x000000000000315f      0xd11 Core/Src/my_graphic_lib.o
 .debug_info    0x0000000000003e70      0xa18 Core/Src/spi.o
 .debug_info    0x0000000000004888      0x362 Core/Src/stm32f4xx_hal_msp.o
 .debug_info    0x0000000000004bea      0x6b4 Core/Src/stm32f4xx_it.o
 .debug_info    0x000000000000529e      0x91c Core/Src/sysmem.o
 .debug_info    0x0000000000005bba      0x554 Core/Src/system_stm32f4xx.o
 .debug_info    0x000000000000610e       0x22 Core/Startup/startup_stm32f407vgtx.o
 .debug_info    0x0000000000006130     0x16ed Core/ssd1306/ssd1306.o
 .debug_info    0x000000000000781d      0x945 Drivers/STM32F4xx_HAL_Driver/Src/stm32f4xx_hal.o
 .debug_info    0x0000000000008162      0xe28 Drivers/STM32F4xx_HAL_Driver/Src/stm32f4xx_hal_cortex.o
 .debug_info    0x0000000000008f8a      0x7b5 Drivers/STM32F4xx_HAL_Driver/Src/stm32f4xx_hal_gpio.o
 .debug_info    0x000000000000973f      0xe39 Drivers/STM32F4xx_HAL_Driver/Src/stm32f4xx_hal_hcd.o
 .debug_info    0x000000000000a578     0x23b5 Drivers/STM32F4xx_HAL_Driver/Src/stm32f4xx_hal_i2c.o
 .debug_info    0x000000000000c92d      0xddf Drivers/STM32F4xx_HAL_Driver/Src/stm32f4xx_hal_i2s.o
 .debug_info    0x000000000000d70c      0xb76 Drivers/STM32F4xx_HAL_Driver/Src/stm32f4xx_hal_i2s_ex.o
 .debug_info    0x000000000000e282      0x904 Drivers/STM32F4xx_HAL_Driver/Src/stm32f4xx_hal_rcc.o
 .debug_info    0x000000000000eb86      0x5ae Drivers/STM32F4xx_HAL_Driver/Src/stm32f4xx_hal_rcc_ex.o
 .debug_info    0x000000000000f134     0x163a Drivers/STM32F4xx_HAL_Driver/Src/stm32f4xx_hal_spi.o
 .debug_info    0x000000000001076e     0x18dd Drivers/STM32F4xx_HAL_Driver/Src/stm32f4xx_ll_usb.o
 .debug_info    0x000000000001204b     0x1a8b Middlewares/ST/STM32_USB_Host_Library/Class/CDC/Src/usbh_cdc.o
 .debug_info    0x0000000000013ad6     0x165b Middlewares/ST/STM32_USB_Host_Library/Core/Src/usbh_core.o
 .debug_info    0x0000000000015131     0x172a Middlewares/ST/STM32_USB_Host_Library/Core/Src/usbh_ctlreq.o
 .debug_info    0x000000000001685b     0x1497 Middlewares/ST/STM32_USB_Host_Library/Core/Src/usbh_ioreq.o
 .debug_info    0x0000000000017cf2     0x12d9 Middlewares/ST/STM32_USB_Host_Library/Core/Src/usbh_pipes.o
 .debug_info    0x0000000000018fcb     0x122d USB_HOST/App/usb_host.o
 .debug_info    0x000000000001a1f8     0x21b8 USB_HOST/Target/usbh_conf.o
 .debug_info    0x000000000001c3b0      0x27a USB_HOST/Target/usbh_platform.o

.debug_abbrev   0x0000000000000000     0x4037
 .debug_abbrev  0x0000000000000000      0x134 Core/Src/gpio.o
 .debug_abbrev  0x0000000000000134      0x199 Core/Src/i2c.o
 .debug_abbrev  0x00000000000002cd      0x199 Core/Src/i2s.o
 .debug_abbrev  0x0000000000000466      0x225 Core/Src/main.o
 .debug_abbrev  0x000000000000068b      0x20c Core/Src/my_graphic_lib.o
 .debug_abbrev  0x0000000000000897      0x199 Core/Src/spi.o
 .debug_abbrev  0x0000000000000a30      0x109 Core/Src/stm32f4xx_hal_msp.o
 .debug_abbrev  0x0000000000000b39      0x164 Core/Src/stm32f4xx_it.o
 .debug_abbrev  0x0000000000000c9d      0x1bb Core/Src/sysmem.o
 .debug_abbrev  0x0000000000000e58      0x12b Core/Src/system_stm32f4xx.o
 .debug_abbrev  0x0000000000000f83       0x12 Core/Startup/startup_stm32f407vgtx.o
 .debug_abbrev  0x0000000000000f95      0x345 Core/ssd1306/ssd1306.o
 .debug_abbrev  0x00000000000012da      0x1c7 Drivers/STM32F4xx_HAL_Driver/Src/stm32f4xx_hal.o
 .debug_abbrev  0x00000000000014a1      0x2fa Drivers/STM32F4xx_HAL_Driver/Src/stm32f4xx_hal_cortex.o
 .debug_abbrev  0x000000000000179b      0x1c9 Drivers/STM32F4xx_HAL_Driver/Src/stm32f4xx_hal_gpio.o
 .debug_abbrev  0x0000000000001964      0x255 Drivers/STM32F4xx_HAL_Driver/Src/stm32f4xx_hal_hcd.o
 .debug_abbrev  0x0000000000001bb9      0x254 Drivers/STM32F4xx_HAL_Driver/Src/stm32f4xx_hal_i2c.o
 .debug_abbrev  0x0000000000001e0d      0x21b Drivers/STM32F4xx_HAL_Driver/Src/stm32f4xx_hal_i2s.o
 .debug_abbrev  0x0000000000002028      0x246 Drivers/STM32F4xx_HAL_Driver/Src/stm32f4xx_hal_i2s_ex.o
 .debug_abbrev  0x000000000000226e      0x245 Drivers/STM32F4xx_HAL_Driver/Src/stm32f4xx_hal_rcc.o
 .debug_abbrev  0x00000000000024b3      0x173 Drivers/STM32F4xx_HAL_Driver/Src/stm32f4xx_hal_rcc_ex.o
 .debug_abbrev  0x0000000000002626      0x240 Drivers/STM32F4xx_HAL_Driver/Src/stm32f4xx_hal_spi.o
 .debug_abbrev  0x0000000000002866      0x26d Drivers/STM32F4xx_HAL_Driver/Src/stm32f4xx_ll_usb.o
 .debug_abbrev  0x0000000000002ad3      0x308 Middlewares/ST/STM32_USB_Host_Library/Class/CDC/Src/usbh_cdc.o
 .debug_abbrev  0x0000000000002ddb      0x362 Middlewares/ST/STM32_USB_Host_Library/Core/Src/usbh_core.o
 .debug_abbrev  0x000000000000313d      0x31b Middlewares/ST/STM32_USB_Host_Library/Core/Src/usbh_ctlreq.o
 .debug_abbrev  0x0000000000003458      0x279 Middlewares/ST/STM32_USB_Host_Library/Core/Src/usbh_ioreq.o
 .debug_abbrev  0x00000000000036d1      0x2b1 Middlewares/ST/STM32_USB_Host_Library/Core/Src/usbh_pipes.o
 .debug_abbrev  0x0000000000003982      0x268 USB_HOST/App/usb_host.o
 .debug_abbrev  0x0000000000003bea      0x349 USB_HOST/Target/usbh_conf.o
 .debug_abbrev  0x0000000000003f33      0x104 USB_HOST/Target/usbh_platform.o

.debug_aranges  0x0000000000000000     0x1268
 .debug_aranges
                0x0000000000000000       0x20 Core/Src/gpio.o
 .debug_aranges
                0x0000000000000020       0x30 Core/Src/i2c.o
 .debug_aranges
                0x0000000000000050       0x30 Core/Src/i2s.o
 .debug_aranges
                0x0000000000000080       0x30 Core/Src/main.o
 .debug_aranges
                0x00000000000000b0       0x48 Core/Src/my_graphic_lib.o
 .debug_aranges
                0x00000000000000f8       0x38 Core/Src/spi.o
 .debug_aranges
                0x0000000000000130       0x20 Core/Src/stm32f4xx_hal_msp.o
 .debug_aranges
                0x0000000000000150       0x68 Core/Src/stm32f4xx_it.o
 .debug_aranges
                0x00000000000001b8       0x20 Core/Src/sysmem.o
 .debug_aranges
                0x00000000000001d8       0x28 Core/Src/system_stm32f4xx.o
 .debug_aranges
                0x0000000000000200       0x28 Core/Startup/startup_stm32f407vgtx.o
 .debug_aranges
                0x0000000000000228       0xc0 Core/ssd1306/ssd1306.o
 .debug_aranges
                0x00000000000002e8       0xf0 Drivers/STM32F4xx_HAL_Driver/Src/stm32f4xx_hal.o
 .debug_aranges
                0x00000000000003d8      0x118 Drivers/STM32F4xx_HAL_Driver/Src/stm32f4xx_hal_cortex.o
 .debug_aranges
                0x00000000000004f0       0x58 Drivers/STM32F4xx_HAL_Driver/Src/stm32f4xx_hal_gpio.o
 .debug_aranges
                0x0000000000000548       0xf0 Drivers/STM32F4xx_HAL_Driver/Src/stm32f4xx_hal_hcd.o
 .debug_aranges
                0x0000000000000638      0x298 Drivers/STM32F4xx_HAL_Driver/Src/stm32f4xx_hal_i2c.o
 .debug_aranges
                0x00000000000008d0      0x108 Drivers/STM32F4xx_HAL_Driver/Src/stm32f4xx_hal_i2s.o
 .debug_aranges
                0x00000000000009d8       0x88 Drivers/STM32F4xx_HAL_Driver/Src/stm32f4xx_hal_i2s_ex.o
 .debug_aranges
                0x0000000000000a60       0x88 Drivers/STM32F4xx_HAL_Driver/Src/stm32f4xx_hal_rcc.o
 .debug_aranges
                0x0000000000000ae8       0x48 Drivers/STM32F4xx_HAL_Driver/Src/stm32f4xx_hal_rcc_ex.o
 .debug_aranges
                0x0000000000000b30      0x1d0 Drivers/STM32F4xx_HAL_Driver/Src/stm32f4xx_hal_spi.o
 .debug_aranges
                0x0000000000000d00      0x198 Drivers/STM32F4xx_HAL_Driver/Src/stm32f4xx_ll_usb.o
 .debug_aranges
                0x0000000000000e98       0xa8 Middlewares/ST/STM32_USB_Host_Library/Class/CDC/Src/usbh_cdc.o
 .debug_aranges
                0x0000000000000f40       0xc0 Middlewares/ST/STM32_USB_Host_Library/Core/Src/usbh_core.o
 .debug_aranges
                0x0000000000001000       0xa0 Middlewares/ST/STM32_USB_Host_Library/Core/Src/usbh_ctlreq.o
 .debug_aranges
                0x00000000000010a0       0x60 Middlewares/ST/STM32_USB_Host_Library/Core/Src/usbh_ioreq.o
 .debug_aranges
                0x0000000000001100       0x40 Middlewares/ST/STM32_USB_Host_Library/Core/Src/usbh_pipes.o
 .debug_aranges
                0x0000000000001140       0x30 USB_HOST/App/usb_host.o
 .debug_aranges
                0x0000000000001170       0xd8 USB_HOST/Target/usbh_conf.o
 .debug_aranges
                0x0000000000001248       0x20 USB_HOST/Target/usbh_platform.o

.debug_ranges   0x0000000000000000     0x10a0
 .debug_ranges  0x0000000000000000       0x10 Core/Src/gpio.o
 .debug_ranges  0x0000000000000010       0x20 Core/Src/i2c.o
 .debug_ranges  0x0000000000000030       0x20 Core/Src/i2s.o
 .debug_ranges  0x0000000000000050       0x20 Core/Src/main.o
 .debug_ranges  0x0000000000000070       0x38 Core/Src/my_graphic_lib.o
 .debug_ranges  0x00000000000000a8       0x28 Core/Src/spi.o
 .debug_ranges  0x00000000000000d0       0x10 Core/Src/stm32f4xx_hal_msp.o
 .debug_ranges  0x00000000000000e0       0x58 Core/Src/stm32f4xx_it.o
 .debug_ranges  0x0000000000000138       0x10 Core/Src/sysmem.o
 .debug_ranges  0x0000000000000148       0x18 Core/Src/system_stm32f4xx.o
 .debug_ranges  0x0000000000000160       0x20 Core/Startup/startup_stm32f407vgtx.o
 .debug_ranges  0x0000000000000180       0xb0 Core/ssd1306/ssd1306.o
 .debug_ranges  0x0000000000000230       0xe0 Drivers/STM32F4xx_HAL_Driver/Src/stm32f4xx_hal.o
 .debug_ranges  0x0000000000000310      0x108 Drivers/STM32F4xx_HAL_Driver/Src/stm32f4xx_hal_cortex.o
 .debug_ranges  0x0000000000000418       0x48 Drivers/STM32F4xx_HAL_Driver/Src/stm32f4xx_hal_gpio.o
 .debug_ranges  0x0000000000000460       0xe0 Drivers/STM32F4xx_HAL_Driver/Src/stm32f4xx_hal_hcd.o
 .debug_ranges  0x0000000000000540      0x2a8 Drivers/STM32F4xx_HAL_Driver/Src/stm32f4xx_hal_i2c.o
 .debug_ranges  0x00000000000007e8       0xf8 Drivers/STM32F4xx_HAL_Driver/Src/stm32f4xx_hal_i2s.o
 .debug_ranges  0x00000000000008e0       0x78 Drivers/STM32F4xx_HAL_Driver/Src/stm32f4xx_hal_i2s_ex.o
 .debug_ranges  0x0000000000000958       0x78 Drivers/STM32F4xx_HAL_Driver/Src/stm32f4xx_hal_rcc.o
 .debug_ranges  0x00000000000009d0       0x38 Drivers/STM32F4xx_HAL_Driver/Src/stm32f4xx_hal_rcc_ex.o
 .debug_ranges  0x0000000000000a08      0x1c0 Drivers/STM32F4xx_HAL_Driver/Src/stm32f4xx_hal_spi.o
 .debug_ranges  0x0000000000000bc8      0x188 Drivers/STM32F4xx_HAL_Driver/Src/stm32f4xx_ll_usb.o
 .debug_ranges  0x0000000000000d50       0x98 Middlewares/ST/STM32_USB_Host_Library/Class/CDC/Src/usbh_cdc.o
 .debug_ranges  0x0000000000000de8       0xb0 Middlewares/ST/STM32_USB_Host_Library/Core/Src/usbh_core.o
 .debug_ranges  0x0000000000000e98       0x90 Middlewares/ST/STM32_USB_Host_Library/Core/Src/usbh_ctlreq.o
 .debug_ranges  0x0000000000000f28       0x50 Middlewares/ST/STM32_USB_Host_Library/Core/Src/usbh_ioreq.o
 .debug_ranges  0x0000000000000f78       0x30 Middlewares/ST/STM32_USB_Host_Library/Core/Src/usbh_pipes.o
 .debug_ranges  0x0000000000000fa8       0x20 USB_HOST/App/usb_host.o
 .debug_ranges  0x0000000000000fc8       0xc8 USB_HOST/Target/usbh_conf.o
 .debug_ranges  0x0000000000001090       0x10 USB_HOST/Target/usbh_platform.o

.debug_macro    0x0000000000000000    0x23f75
 .debug_macro   0x0000000000000000      0x21f Core/Src/gpio.o
 .debug_macro   0x000000000000021f      0x196 Core/Src/gpio.o
 .debug_macro   0x00000000000003b5       0x32 Core/Src/gpio.o
 .debug_macro   0x00000000000003e7       0x2f Core/Src/gpio.o
 .debug_macro   0x0000000000000416       0x1c Core/Src/gpio.o
 .debug_macro   0x0000000000000432       0x22 Core/Src/gpio.o
 .debug_macro   0x0000000000000454       0xdf Core/Src/gpio.o
 .debug_macro   0x0000000000000533     0x102d Core/Src/gpio.o
 .debug_macro   0x0000000000001560      0x11f Core/Src/gpio.o
 .debug_macro   0x000000000000167f    0x15e3c Core/Src/gpio.o
 .debug_macro   0x00000000000174bb       0x43 Core/Src/gpio.o
 .debug_macro   0x00000000000174fe     0x3652 Core/Src/gpio.o
 .debug_macro   0x000000000001ab50      0x174 Core/Src/gpio.o
 .debug_macro   0x000000000001acc4       0x5a Core/Src/gpio.o
 .debug_macro   0x000000000001ad1e      0x96b Core/Src/gpio.o
 .debug_macro   0x000000000001b689      0x9fe Core/Src/gpio.o
 .debug_macro   0x000000000001c087      0x174 Core/Src/gpio.o
 .debug_macro   0x000000000001c1fb      0x117 Core/Src/gpio.o
 .debug_macro   0x000000000001c312      0x13e Core/Src/gpio.o
 .debug_macro   0x000000000001c450       0x27 Core/Src/gpio.o
 .debug_macro   0x000000000001c477      0x287 Core/Src/gpio.o
 .debug_macro   0x000000000001c6fe       0x5f Core/Src/gpio.o
 .debug_macro   0x000000000001c75d      0x236 Core/Src/gpio.o
 .debug_macro   0x000000000001c993      0x12c Core/Src/gpio.o
 .debug_macro   0x000000000001cabf      0x21e Core/Src/gpio.o
 .debug_macro   0x000000000001ccdd       0x2e Core/Src/gpio.o
 .debug_macro   0x000000000001cd0b      0x1b5 Core/Src/gpio.o
 .debug_macro   0x000000000001cec0       0xd6 Core/Src/gpio.o
 .debug_macro   0x000000000001cf96      0x199 Core/Src/gpio.o
 .debug_macro   0x000000000001d12f       0x40 Core/Src/gpio.o
 .debug_macro   0x000000000001d16f       0x4a Core/Src/gpio.o
 .debug_macro   0x000000000001d1b9      0x11a Core/Src/gpio.o
 .debug_macro   0x000000000001d2d3       0x7e Core/Src/gpio.o
 .debug_macro   0x000000000001d351       0x89 Core/Src/gpio.o
 .debug_macro   0x000000000001d3da      0x225 Core/Src/gpio.o
 .debug_macro   0x000000000001d5ff      0x225 Core/Src/gpio.o
 .debug_macro   0x000000000001d824       0x68 Core/Src/gpio.o
 .debug_macro   0x000000000001d88c      0x12d Core/Src/gpio.o
 .debug_macro   0x000000000001d9b9      0x190 Core/Src/gpio.o
 .debug_macro   0x000000000001db49      0x21f Core/Src/i2c.o
 .debug_macro   0x000000000001dd68      0x21f Core/Src/i2s.o
 .debug_macro   0x000000000001df87      0x316 Core/Src/main.o
 .debug_macro   0x000000000001e29d       0x46 Core/Src/main.o
 .debug_macro   0x000000000001e2e3       0x18 Core/Src/main.o
 .debug_macro   0x000000000001e2fb       0x3c Core/Src/main.o
 .debug_macro   0x000000000001e337       0x34 Core/Src/main.o
 .debug_macro   0x000000000001e36b       0x52 Core/Src/main.o
 .debug_macro   0x000000000001e3bd       0x1f Core/Src/main.o
 .debug_macro   0x000000000001e3dc       0x43 Core/Src/main.o
 .debug_macro   0x000000000001e41f       0x20 Core/Src/main.o
 .debug_macro   0x000000000001e43f      0x1a3 Core/Src/main.o
 .debug_macro   0x000000000001e5e2      0x32a Core/Src/main.o
 .debug_macro   0x000000000001e90c       0x10 Core/Src/main.o
 .debug_macro   0x000000000001e91c       0x35 Core/Src/main.o
 .debug_macro   0x000000000001e951       0x20 Core/Src/main.o
 .debug_macro   0x000000000001e971      0x133 Core/Src/my_graphic_lib.o
 .debug_macro   0x000000000001eaa4      0x330 Core/Src/my_graphic_lib.o
 .debug_macro   0x000000000001edd4      0x21f Core/Src/spi.o
 .debug_macro   0x000000000001eff3      0x215 Core/Src/stm32f4xx_hal_msp.o
 .debug_macro   0x000000000001f208      0x21f Core/Src/stm32f4xx_it.o
 .debug_macro   0x000000000001f427      0x1ae Core/Src/sysmem.o
 .debug_macro   0x000000000001f5d5      0x23b Core/Src/sysmem.o
 .debug_macro   0x000000000001f810       0x16 Core/Src/sysmem.o
 .debug_macro   0x000000000001f826      0x20c Core/Src/system_stm32f4xx.o
 .debug_macro   0x000000000001fa32      0x32f Core/ssd1306/ssd1306.o
 .debug_macro   0x000000000001fd61       0x3a Core/ssd1306/ssd1306.o
 .debug_macro   0x000000000001fd9b       0x2c Core/ssd1306/ssd1306.o
 .debug_macro   0x000000000001fdc7       0x40 Core/ssd1306/ssd1306.o
 .debug_macro   0x000000000001fe07      0x1e1 Core/ssd1306/ssd1306.o
 .debug_macro   0x000000000001ffe8       0x16 Core/ssd1306/ssd1306.o
 .debug_macro   0x000000000001fffe      0x266 Drivers/STM32F4xx_HAL_Driver/Src/stm32f4xx_hal.o
 .debug_macro   0x0000000000020264      0x206 Drivers/STM32F4xx_HAL_Driver/Src/stm32f4xx_hal_cortex.o
 .debug_macro   0x000000000002046a      0x23c Drivers/STM32F4xx_HAL_Driver/Src/stm32f4xx_hal_gpio.o
 .debug_macro   0x00000000000206a6      0x206 Drivers/STM32F4xx_HAL_Driver/Src/stm32f4xx_hal_hcd.o
 .debug_macro   0x00000000000208ac      0x246 Drivers/STM32F4xx_HAL_Driver/Src/stm32f4xx_hal_i2c.o
 .debug_macro   0x0000000000020af2      0x207 Drivers/STM32F4xx_HAL_Driver/Src/stm32f4xx_hal_i2s.o
 .debug_macro   0x0000000000020cf9      0x206 Drivers/STM32F4xx_HAL_Driver/Src/stm32f4xx_hal_i2s_ex.o
 .debug_macro   0x0000000000020eff      0x22a Drivers/STM32F4xx_HAL_Driver/Src/stm32f4xx_hal_rcc.o
 .debug_macro   0x0000000000021129      0x206 Drivers/STM32F4xx_HAL_Driver/Src/stm32f4xx_hal_rcc_ex.o
 .debug_macro   0x000000000002132f      0x215 Drivers/STM32F4xx_HAL_Driver/Src/stm32f4xx_hal_spi.o
 .debug_macro   0x0000000000021544      0x206 Drivers/STM32F4xx_HAL_Driver/Src/stm32f4xx_ll_usb.o
 .debug_macro   0x000000000002174a      0x42b Middlewares/ST/STM32_USB_Host_Library/Class/CDC/Src/usbh_cdc.o
 .debug_macro   0x0000000000021b75       0x97 Middlewares/ST/STM32_USB_Host_Library/Class/CDC/Src/usbh_cdc.o
 .debug_macro   0x0000000000021c0c       0xfd Middlewares/ST/STM32_USB_Host_Library/Class/CDC/Src/usbh_cdc.o
 .debug_macro   0x0000000000021d09       0x73 Middlewares/ST/STM32_USB_Host_Library/Class/CDC/Src/usbh_cdc.o
 .debug_macro   0x0000000000021d7c      0x210 Middlewares/ST/STM32_USB_Host_Library/Class/CDC/Src/usbh_cdc.o
 .debug_macro   0x0000000000021f8c       0x2e Middlewares/ST/STM32_USB_Host_Library/Class/CDC/Src/usbh_cdc.o
 .debug_macro   0x0000000000021fba       0x2e Middlewares/ST/STM32_USB_Host_Library/Class/CDC/Src/usbh_cdc.o
 .debug_macro   0x0000000000021fe8       0x28 Middlewares/ST/STM32_USB_Host_Library/Class/CDC/Src/usbh_cdc.o
 .debug_macro   0x0000000000022010      0x15c Middlewares/ST/STM32_USB_Host_Library/Class/CDC/Src/usbh_cdc.o
 .debug_macro   0x000000000002216c      0x428 Middlewares/ST/STM32_USB_Host_Library/Core/Src/usbh_core.o
 .debug_macro   0x0000000000022594      0x420 Middlewares/ST/STM32_USB_Host_Library/Core/Src/usbh_ctlreq.o
 .debug_macro   0x00000000000229b4       0x28 Middlewares/ST/STM32_USB_Host_Library/Core/Src/usbh_ctlreq.o
 .debug_macro   0x00000000000229dc      0x41a Middlewares/ST/STM32_USB_Host_Library/Core/Src/usbh_ioreq.o
 .debug_macro   0x0000000000022df6      0x41a Middlewares/ST/STM32_USB_Host_Library/Core/Src/usbh_pipes.o
 .debug_macro   0x0000000000023210      0x429 USB_HOST/App/usb_host.o
 .debug_macro   0x0000000000023639      0x196 USB_HOST/App/usb_host.o
 .debug_macro   0x00000000000237cf      0x162 USB_HOST/App/usb_host.o
 .debug_macro   0x0000000000023931      0x42a USB_HOST/Target/usbh_conf.o
 .debug_macro   0x0000000000023d5b      0x21a USB_HOST/Target/usbh_platform.o

.debug_line     0x0000000000000000    0x13e29
 .debug_line    0x0000000000000000      0x74d Core/Src/gpio.o
 .debug_line    0x000000000000074d      0x74f Core/Src/i2c.o
 .debug_line    0x0000000000000e9c      0x757 Core/Src/i2s.o
 .debug_line    0x00000000000015f3      0x971 Core/Src/main.o
 .debug_line    0x0000000000001f64      0x638 Core/Src/my_graphic_lib.o
 .debug_line    0x000000000000259c      0x787 Core/Src/spi.o
 .debug_line    0x0000000000002d23      0x71f Core/Src/stm32f4xx_hal_msp.o
 .debug_line    0x0000000000003442      0x7d4 Core/Src/stm32f4xx_it.o
 .debug_line    0x0000000000003c16      0x55e Core/Src/sysmem.o
 .debug_line    0x0000000000004174      0x739 Core/Src/system_stm32f4xx.o
 .debug_line    0x00000000000048ad       0x86 Core/Startup/startup_stm32f407vgtx.o
 .debug_line    0x0000000000004933      0xbbb Core/ssd1306/ssd1306.o
 .debug_line    0x00000000000054ee      0x923 Drivers/STM32F4xx_HAL_Driver/Src/stm32f4xx_hal.o
 .debug_line    0x0000000000005e11      0xa47 Drivers/STM32F4xx_HAL_Driver/Src/stm32f4xx_hal_cortex.o
 .debug_line    0x0000000000006858      0x902 Drivers/STM32F4xx_HAL_Driver/Src/stm32f4xx_hal_gpio.o
 .debug_line    0x000000000000715a      0xba1 Drivers/STM32F4xx_HAL_Driver/Src/stm32f4xx_hal_hcd.o
 .debug_line    0x0000000000007cfb     0x1b5d Drivers/STM32F4xx_HAL_Driver/Src/stm32f4xx_hal_i2c.o
 .debug_line    0x0000000000009858      0xcdb Drivers/STM32F4xx_HAL_Driver/Src/stm32f4xx_hal_i2s.o
 .debug_line    0x000000000000a533      0xeed Drivers/STM32F4xx_HAL_Driver/Src/stm32f4xx_hal_i2s_ex.o
 .debug_line    0x000000000000b420      0x97b Drivers/STM32F4xx_HAL_Driver/Src/stm32f4xx_hal_rcc.o
 .debug_line    0x000000000000bd9b      0x844 Drivers/STM32F4xx_HAL_Driver/Src/stm32f4xx_hal_rcc_ex.o
 .debug_line    0x000000000000c5df     0x10d6 Drivers/STM32F4xx_HAL_Driver/Src/stm32f4xx_hal_spi.o
 .debug_line    0x000000000000d6b5      0xe45 Drivers/STM32F4xx_HAL_Driver/Src/stm32f4xx_ll_usb.o
 .debug_line    0x000000000000e4fa      0xc84 Middlewares/ST/STM32_USB_Host_Library/Class/CDC/Src/usbh_cdc.o
 .debug_line    0x000000000000f17e      0xd35 Middlewares/ST/STM32_USB_Host_Library/Core/Src/usbh_core.o
 .debug_line    0x000000000000feb3      0xca9 Middlewares/ST/STM32_USB_Host_Library/Core/Src/usbh_ctlreq.o
 .debug_line    0x0000000000010b5c      0xab0 Middlewares/ST/STM32_USB_Host_Library/Core/Src/usbh_ioreq.o
 .debug_line    0x000000000001160c      0xa68 Middlewares/ST/STM32_USB_Host_Library/Core/Src/usbh_pipes.o
 .debug_line    0x0000000000012074      0xa69 USB_HOST/App/usb_host.o
 .debug_line    0x0000000000012add      0xc02 USB_HOST/Target/usbh_conf.o
 .debug_line    0x00000000000136df      0x74a USB_HOST/Target/usbh_platform.o

.debug_str      0x0000000000000000    0xcb64b
 .debug_str     0x0000000000000000    0xbf223 Core/Src/gpio.o
                                      0xbf4bd (size before relaxing)
 .debug_str     0x00000000000bf223      0x4ee Core/Src/i2c.o
                                      0xbf9d1 (size before relaxing)
 .debug_str     0x00000000000bf711      0x1ed Core/Src/i2s.o
                                      0xbf90a (size before relaxing)
 .debug_str     0x00000000000bf8fe     0x3311 Core/Src/main.o
                                      0xc2eb0 (size before relaxing)
 .debug_str     0x00000000000c2c0f       0xc7 Core/Src/my_graphic_lib.o
                                       0x701a (size before relaxing)
 .debug_str     0x00000000000c2cd6       0x58 Core/Src/spi.o
                                      0xbf92d (size before relaxing)
 .debug_str     0x00000000000c2d2e       0x2c Core/Src/stm32f4xx_hal_msp.o
                                      0xbf422 (size before relaxing)
 .debug_str     0x00000000000c2d5a      0x43d Core/Src/stm32f4xx_it.o
                                      0xbf7d8 (size before relaxing)
 .debug_str     0x00000000000c3197     0x1682 Core/Src/sysmem.o
                                       0x7aed (size before relaxing)
 .debug_str     0x00000000000c4819       0xc4 Core/Src/system_stm32f4xx.o
                                      0xbee44 (size before relaxing)
 .debug_str     0x00000000000c48dd       0x36 Core/Startup/startup_stm32f407vgtx.o
                                         0x6f (size before relaxing)
 .debug_str     0x00000000000c4913      0xe7e Core/ssd1306/ssd1306.o
                                      0xc2fef (size before relaxing)
 .debug_str     0x00000000000c5791      0xa5e Drivers/STM32F4xx_HAL_Driver/Src/stm32f4xx_hal.o
                                      0xbf911 (size before relaxing)
 .debug_str     0x00000000000c61ef      0x392 Drivers/STM32F4xx_HAL_Driver/Src/stm32f4xx_hal_cortex.o
                                      0xbf700 (size before relaxing)
 .debug_str     0x00000000000c6581      0x20c Drivers/STM32F4xx_HAL_Driver/Src/stm32f4xx_hal_gpio.o
                                      0xbf083 (size before relaxing)
 .debug_str     0x00000000000c678d      0x3c2 Drivers/STM32F4xx_HAL_Driver/Src/stm32f4xx_hal_hcd.o
                                      0xbf49e (size before relaxing)
 .debug_str     0x00000000000c6b4f      0xa6d Drivers/STM32F4xx_HAL_Driver/Src/stm32f4xx_hal_i2c.o
                                      0xbfd8d (size before relaxing)
 .debug_str     0x00000000000c75bc      0x26b Drivers/STM32F4xx_HAL_Driver/Src/stm32f4xx_hal_i2s.o
                                      0xbf3e2 (size before relaxing)
 .debug_str     0x00000000000c7827      0x1f1 Drivers/STM32F4xx_HAL_Driver/Src/stm32f4xx_hal_i2s_ex.o
                                      0xbf336 (size before relaxing)
 .debug_str     0x00000000000c7a18      0x24e Drivers/STM32F4xx_HAL_Driver/Src/stm32f4xx_hal_rcc.o
                                      0xbf231 (size before relaxing)
 .debug_str     0x00000000000c7c66      0x113 Drivers/STM32F4xx_HAL_Driver/Src/stm32f4xx_hal_rcc_ex.o
                                      0xbef79 (size before relaxing)
 .debug_str     0x00000000000c7d79      0x525 Drivers/STM32F4xx_HAL_Driver/Src/stm32f4xx_hal_spi.o
                                      0xbf6b2 (size before relaxing)
 .debug_str     0x00000000000c829e      0x626 Drivers/STM32F4xx_HAL_Driver/Src/stm32f4xx_ll_usb.o
                                      0xbf718 (size before relaxing)
 .debug_str     0x00000000000c88c4     0x24f4 Middlewares/ST/STM32_USB_Host_Library/Class/CDC/Src/usbh_cdc.o
                                      0xc5b2f (size before relaxing)
 .debug_str     0x00000000000cadb8      0x25c Middlewares/ST/STM32_USB_Host_Library/Core/Src/usbh_core.o
                                      0xc502b (size before relaxing)
 .debug_str     0x00000000000cb014      0x222 Middlewares/ST/STM32_USB_Host_Library/Core/Src/usbh_ctlreq.o
                                      0xc5059 (size before relaxing)
 .debug_str     0x00000000000cb236       0xfe Middlewares/ST/STM32_USB_Host_Library/Core/Src/usbh_ioreq.o
                                      0xc4ed4 (size before relaxing)
 .debug_str     0x00000000000cb334       0x97 Middlewares/ST/STM32_USB_Host_Library/Core/Src/usbh_pipes.o
                                      0xc4e59 (size before relaxing)
 .debug_str     0x00000000000cb3cb       0xc7 USB_HOST/App/usb_host.o